Component: ARM Compiler 6.16 Tool: armlink [5dfeaa00]

==============================================================================

Section Cross References

    main.o(.text) refers (Special) to _printf_d.o(.ARM.Collect$$_printf_percent$$00000009) for _printf_d
    main.o(.text) refers (Special) to _printf_dec.o(.text) for _printf_int_dec
    main.o(.text) refers (Special) to _printf_hex_int.o(.text) for _printf_longlong_hex
    main.o(.text) refers (Special) to _printf_percent.o(.ARM.Collect$$_printf_percent$$00000000) for _printf_percent
    main.o(.text) refers (Special) to _printf_pad.o(.text) for _printf_pre_padding
    main.o(.text) refers (Special) to _printf_s.o(.ARM.Collect$$_printf_percent$$00000014) for _printf_s
    main.o(.text) refers (Special) to _printf_str.o(.text) for _printf_str
    main.o(.text) refers (Special) to _printf_x.o(.ARM.Collect$$_printf_percent$$0000000C) for _printf_x
    main.o(.text.TMR1_IRQHandler) refers (Special) to _printf_d.o(.ARM.Collect$$_printf_percent$$00000009) for _printf_d
    main.o(.text.TMR1_IRQHandler) refers (Special) to _printf_dec.o(.text) for _printf_int_dec
    main.o(.text.TMR1_IRQHandler) refers (Special) to _printf_hex_int.o(.text) for _printf_longlong_hex
    main.o(.text.TMR1_IRQHandler) refers (Special) to _printf_percent.o(.ARM.Collect$$_printf_percent$$00000000) for _printf_percent
    main.o(.text.TMR1_IRQHandler) refers (Special) to _printf_pad.o(.text) for _printf_pre_padding
    main.o(.text.TMR1_IRQHandler) refers (Special) to _printf_s.o(.ARM.Collect$$_printf_percent$$00000014) for _printf_s
    main.o(.text.TMR1_IRQHandler) refers (Special) to _printf_str.o(.text) for _printf_str
    main.o(.text.TMR1_IRQHandler) refers (Special) to _printf_x.o(.ARM.Collect$$_printf_percent$$0000000C) for _printf_x
    main.o(.text.TMR1_IRQHandler) refers to main.o(.text.TIMER_GetIntFlag) for TIMER_GetIntFlag
    main.o(.text.TMR1_IRQHandler) refers to main.o(.text.TIMER_ClearIntFlag) for TIMER_ClearIntFlag
    main.o(.text.TMR1_IRQHandler) refers to main-task.o(.text.setBlinkFlag) for setBlinkFlag
    main.o(.text.TMR1_IRQHandler) refers to main.o(.bss.TMR1_IRQHandler.u8Value) for [Anonymous Symbol]
    main.o(.ARM.exidx.text.TMR1_IRQHandler) refers (Special) to _printf_d.o(.ARM.Collect$$_printf_percent$$00000009) for _printf_d
    main.o(.ARM.exidx.text.TMR1_IRQHandler) refers (Special) to _printf_dec.o(.text) for _printf_int_dec
    main.o(.ARM.exidx.text.TMR1_IRQHandler) refers (Special) to _printf_hex_int.o(.text) for _printf_longlong_hex
    main.o(.ARM.exidx.text.TMR1_IRQHandler) refers (Special) to _printf_percent.o(.ARM.Collect$$_printf_percent$$00000000) for _printf_percent
    main.o(.ARM.exidx.text.TMR1_IRQHandler) refers (Special) to _printf_pad.o(.text) for _printf_pre_padding
    main.o(.ARM.exidx.text.TMR1_IRQHandler) refers (Special) to _printf_s.o(.ARM.Collect$$_printf_percent$$00000014) for _printf_s
    main.o(.ARM.exidx.text.TMR1_IRQHandler) refers (Special) to _printf_str.o(.text) for _printf_str
    main.o(.ARM.exidx.text.TMR1_IRQHandler) refers (Special) to _printf_x.o(.ARM.Collect$$_printf_percent$$0000000C) for _printf_x
    main.o(.ARM.exidx.text.TMR1_IRQHandler) refers to main.o(.text.TMR1_IRQHandler) for [Anonymous Symbol]
    main.o(.text.TIMER_GetIntFlag) refers (Special) to _printf_d.o(.ARM.Collect$$_printf_percent$$00000009) for _printf_d
    main.o(.text.TIMER_GetIntFlag) refers (Special) to _printf_dec.o(.text) for _printf_int_dec
    main.o(.text.TIMER_GetIntFlag) refers (Special) to _printf_hex_int.o(.text) for _printf_longlong_hex
    main.o(.text.TIMER_GetIntFlag) refers (Special) to _printf_percent.o(.ARM.Collect$$_printf_percent$$00000000) for _printf_percent
    main.o(.text.TIMER_GetIntFlag) refers (Special) to _printf_pad.o(.text) for _printf_pre_padding
    main.o(.text.TIMER_GetIntFlag) refers (Special) to _printf_s.o(.ARM.Collect$$_printf_percent$$00000014) for _printf_s
    main.o(.text.TIMER_GetIntFlag) refers (Special) to _printf_str.o(.text) for _printf_str
    main.o(.text.TIMER_GetIntFlag) refers (Special) to _printf_x.o(.ARM.Collect$$_printf_percent$$0000000C) for _printf_x
    main.o(.ARM.exidx.text.TIMER_GetIntFlag) refers (Special) to _printf_d.o(.ARM.Collect$$_printf_percent$$00000009) for _printf_d
    main.o(.ARM.exidx.text.TIMER_GetIntFlag) refers (Special) to _printf_dec.o(.text) for _printf_int_dec
    main.o(.ARM.exidx.text.TIMER_GetIntFlag) refers (Special) to _printf_hex_int.o(.text) for _printf_longlong_hex
    main.o(.ARM.exidx.text.TIMER_GetIntFlag) refers (Special) to _printf_percent.o(.ARM.Collect$$_printf_percent$$00000000) for _printf_percent
    main.o(.ARM.exidx.text.TIMER_GetIntFlag) refers (Special) to _printf_pad.o(.text) for _printf_pre_padding
    main.o(.ARM.exidx.text.TIMER_GetIntFlag) refers (Special) to _printf_s.o(.ARM.Collect$$_printf_percent$$00000014) for _printf_s
[...]
    PDMA0_IRQHandler                         0x00000313   Thumb Code     0  startup_m261.o(.text)
    PDMA1_IRQHandler                         0x00000313   Thumb Code     0  startup_m261.o(.text)
    PWRWU_IRQHandler                         0x00000313   Thumb Code     0  startup_m261.o(.text)
    QEI0_IRQHandler                          0x00000313   Thumb Code     0  startup_m261.o(.text)
    QEI1_IRQHandler                          0x00000313   Thumb Code     0  startup_m261.o(.text)
    QSPI0_IRQHandler                         0x00000313   Thumb Code     0  startup_m261.o(.text)
    RTC_IRQHandler                           0x00000313   Thumb Code     0  startup_m261.o(.text)
    SC0_IRQHandler                           0x00000313   Thumb Code     0  startup_m261.o(.text)
    SC1_IRQHandler                           0x00000313   Thumb Code     0  startup_m261.o(.text)
    SC2_IRQHandler                           0x00000313   Thumb Code     0  startup_m261.o(.text)
    SC3_IRQHandler                           0x00000313   Thumb Code     0  startup_m261.o(.text)
    SCU_IRQHandler                           0x00000313   Thumb Code     0  startup_m261.o(.text)
    SDH0_IRQHandler                          0x00000313   Thumb Code     0  startup_m261.o(.text)
    SDH1_IRQHandler                          0x00000313   Thumb Code     0  startup_m261.o(.text)
    SPI0_IRQHandler                          0x00000313   Thumb Code     0  startup_m261.o(.text)
    SPI1_IRQHandler                          0x00000313   Thumb Code     0  startup_m261.o(.text)
    SPI2_IRQHandler                          0x00000313   Thumb Code     0  startup_m261.o(.text)
    SPI3_IRQHandler                          0x00000313   Thumb Code     0  startup_m261.o(.text)
    SRAM_IRQHandler                          0x00000313   Thumb Code     0  startup_m261.o(.text)
    TAMPER_IRQHandler                        0x00000313   Thumb Code     0  startup_m261.o(.text)
    TMR0_IRQHandler                          0x00000313   Thumb Code     0  startup_m261.o(.text)
    TMR2_IRQHandler                          0x00000313   Thumb Code     0  startup_m261.o(.text)
    TMR3_IRQHandler                          0x00000313   Thumb Code     0  startup_m261.o(.text)
    TRNG_IRQHandler                          0x00000313   Thumb Code     0  startup_m261.o(.text)
    UART0_IRQHandler                         0x00000313   Thumb Code     0  startup_m261.o(.text)
    UART1_IRQHandler                         0x00000313   Thumb Code     0  startup_m261.o(.text)
    UART2_IRQHandler                         0x00000313   Thumb Code     0  startup_m261.o(.text)
    UART3_IRQHandler                         0x00000313   Thumb Code     0  startup_m261.o(.text)
    UART5_IRQHandler                         0x00000313   Thumb Code     0  startup_m261.o(.text)
    USBD_IRQHandler                          0x00000313   Thumb Code     0  startup_m261.o(.text)
    USBH_IRQHandler                          0x00000313   Thumb Code     0  startup_m261.o(.text)
    USBOTG_IRQHandler                        0x00000313   Thumb Code     0  startup_m261.o(.text)
    USCI0_IRQHandler                         0x00000313   Thumb Code     0  startup_m261.o(.text)
    USCI1_IRQHandler                         0x00000313   Thumb Code     0  startup_m261.o(.text)
    WDT_IRQHandler                           0x00000313   Thumb Code     0  startup_m261.o(.text)
    WWDT_IRQHandler                          0x00000313   Thumb Code     0  startup_m261.o(.text)
    __user_initial_stackheap                 0x00000315   Thumb Code    10  startup_m261.o(.text)
    SH_DoCommand                             0x00000321   Thumb Code    10  startup_m261.o(.text)
    __PC                                     0x0000032b   Thumb Code     6  startup_m261.o(.text)
    __aeabi_lmul                             0x0000034d   Thumb Code    48  llmul.o(.text)
    _ll_mul                                  0x0000034d   Thumb Code     0  llmul.o(.text)
    __aeabi_ldivmod                          0x0000037d   Thumb Code   166  llsdiv.o(.text)
    _ll_sdiv                                 0x0000037d   Thumb Code     0  llsdiv.o(.text)
    __2printf                                0x00000425   Thumb Code    22  noretval__2printf.o(.text)
    _printf_pre_padding                      0x00000441   Thumb Code    44  _printf_pad.o(.text)
    _printf_post_padding                     0x0000046d   Thumb Code    34  _printf_pad.o(.text)
    _printf_str                              0x0000048f   Thumb Code    82  _printf_str.o(.text)
    _printf_int_dec                          0x000004e1   Thumb Code    90  _printf_dec.o(.text)
    _printf_int_hex                          0x0000054d   Thumb Code    84  _printf_hex_int.o(.text)
    _printf_longlong_hex                     0x0000054d   Thumb Code     0  _printf_hex_int.o(.text)
    __printf                                 0x000005a5   Thumb Code   306  __printf_flags_wp.o(.text)
    puts                                     0x000006dd   Thumb Code    38  puts.o(.text)
    __aeabi_memcpy                           0x00000709   Thumb Code   130  rt_memcpy.o(.text)
    __rt_memcpy                              0x00000709   Thumb Code     0  rt_memcpy.o(.text)
    __aeabi_memset4                          0x0000078b   Thumb Code    18  aeabi_memset4.o(.text)
    __aeabi_memset8                          0x0000078b   Thumb Code     0  aeabi_memset4.o(.text)
    _memset_w                                0x0000079d   Thumb Code    26  rt_memclr.o(.text)
    _memset                                  0x000007b7   Thumb Code    30  rt_memclr.o(.text)
    __aeabi_memclr                           0x000007d5   Thumb Code     4  rt_memclr.o(.text)
    __rt_memclr                              0x000007d5   Thumb Code     0  rt_memclr.o(.text)
    __aeabi_memclr4                          0x000007d9   Thumb Code     0  rt_memclr.o(.text)
    __aeabi_memclr8                          0x000007d9   Thumb Code     0  rt_memclr.o(.text)
    __rt_memclr_w                            0x000007d9   Thumb Code     4  rt_memclr.o(.text)
    __use_two_region_memory                  0x000007dd   Thumb Code     2  heapauxi.o(.text)
    __rt_heap_escrow$2region                 0x000007df   Thumb Code     2  heapauxi.o(.text)
    __rt_heap_expand$2region                 0x000007e1   Thumb Code     2  heapauxi.o(.text)
    __aeabi_dadd                             0x00000add   Thumb Code     0  daddsub.o(.text)
    _dadd                                    0x00000add   Thumb Code    26  daddsub.o(.text)
    __aeabi_dsub                             0x00000af7   Thumb Code     0  daddsub.o(.text)
    _dsub                                    0x00000af7   Thumb Code    22  daddsub.o(.text)
    __aeabi_drsub                            0x00000b0d   Thumb Code     0  daddsub.o(.text)
    _drsb                                    0x00000b0d   Thumb Code    28  daddsub.o(.text)
    __aeabi_ddiv                             0x00000b3d   Thumb Code     0  ddiv.o(.text)
    _ddiv                                    0x00000b3d   Thumb Code  1072  ddiv.o(.text)
    _drdiv                                   0x00000f6d   Thumb Code    20  ddiv.o(.text)
    __aeabi_d2iz                             0x00000f85   Thumb Code     0  dfixi.o(.text)
    _dfix                                    0x00000f85   Thumb Code    98  dfixi.o(.text)
    __aeabi_d2uiz                            0x00000ff1   Thumb Code     0  dfixui.o(.text)
    _dfixu                                   0x00000ff1   Thumb Code    68  dfixui.o(.text)
    __aeabi_i2d_normalise                    0x00001039   Thumb Code    66  dflti.o(.text)
    __aeabi_i2d                              0x0000107b   Thumb Code    16  dflti.o(.text)
    _dflt                                    0x0000107b   Thumb Code     0  dflti.o(.text)
    __aeabi_ui2d                             0x0000108b   Thumb Code     6  dflti.o(.text)
    _dfltu                                   0x0000108b   Thumb Code     0  dflti.o(.text)
    __aeabi_dmul                             0x00001091   Thumb Code     0  dmul.o(.text)
    _dmul                                    0x00001091   Thumb Code   558  dmul.o(.text)
    __aeabi_f2d                              0x000012d9   Thumb Code     0  f2d.o(.text)
    _f2d                                     0x000012d9   Thumb Code    80  f2d.o(.text)
    __aeabi_fdiv                             0x0000132d   Thumb Code     0  fdiv.o(.text)
    _fdiv                                    0x0000132d   Thumb Code   334  fdiv.o(.text)
    _frdiv                                   0x0000147b   Thumb Code     8  fdiv.o(.text)
    __aeabi_f2iz                             0x0000148d   Thumb Code     0  ffixi.o(.text)
    _ffix                                    0x0000148d   Thumb Code    76  ffixi.o(.text)
    __aeabi_i2f_normalise                    0x000014d9   Thumb Code    72  fflti.o(.text)
    __aeabi_i2f                              0x00001521   Thumb Code    16  fflti.o(.text)
    _fflt                                    0x00001521   Thumb Code     0  fflti.o(.text)
    __aeabi_ui2f                             0x00001531   Thumb Code     6  fflti.o(.text)
    _ffltu                                   0x00001531   Thumb Code     0  fflti.o(.text)
    __aeabi_uldivmod                         0x00001537   Thumb Code   272  lludiv.o(.text)
    _ll_udiv                                 0x00001537   Thumb Code     0  lludiv.o(.text)
    _printf_int_common                       0x00001647   Thumb Code   176  _printf_intcommon.o(.text)
    _printf_fp_dec_real                      0x00001895   Thumb Code   620  _printf_fp_dec.o(.text)
    _printf_cs_common                        0x00001b0d   Thumb Code    22  _printf_char.o(.text)
    _printf_char                             0x00001b23   Thumb Code    16  _printf_char.o(.text)
    _printf_string                           0x00001b33   Thumb Code     8  _printf_char.o(.text)
    _printf_char_file                        0x00001b3d   Thumb Code    34  _printf_char_file.o(.text)
    __rt_udiv10                              0x00001b65   Thumb Code    40  rtudiv10.o(.text)
    __rt_locale                              0x00001b8d   Thumb Code     8  rt_locale_intlibspace.o(.text)
    _ll_udiv10                               0x00001b95   Thumb Code   122  lludiv10.o(.text)
    _printf_char_common                      0x00001c1b   Thumb Code    32  _printf_char_common.o(.text)
    _printf_fp_infnan                        0x00001c41   Thumb Code   120  _printf_fp_infnan.o(.text)
    _btod_etento                             0x00001cc9   Thumb Code   210  bigflt0.o(.text)
    _btod_d2e                                0x00001da1   Thumb Code    64  btod.o(.text)
    _btod_emul                               0x000021d5   Thumb Code    28  btod.o(.text)
    _btod_emuld                              0x000021f1   Thumb Code   144  btod.o(.text)
    _btod_ediv                               0x00002281   Thumb Code    26  btod.o(.text)
    _btod_edivd                              0x0000229b   Thumb Code   124  btod.o(.text)
    __fpl_fcmp_InfNaN                        0x00002321   Thumb Code    96  fcmpin.o(.text)
    __user_libspace                          0x00002385   Thumb Code     8  libspace.o(.text)
    __user_perproc_libspace                  0x00002385   Thumb Code     0  libspace.o(.text)
    __user_perthread_libspace                0x00002385   Thumb Code     0  libspace.o(.text)
    __user_setup_stackheap                   0x0000238d   Thumb Code    62  sys_stackheap_outer.o(.text)
    exit                                     0x000023cb   Thumb Code    16  exit.o(.text)
    strcmp                                   0x000023dd   Thumb Code   172  strcmpv8m.o(.text)
    __aeabi_uidivmod                         0x00002489   Thumb Code    28  aeabi_sdivfast.o(.text)
    __aeabi_idivmod                          0x000024a5   Thumb Code   472  aeabi_sdivfast.o(.text)
    __fpl_cmpreturn                          0x00002681   Thumb Code    46  cmpret.o(.text)
    __fpl_fcheck_NaN2                        0x000026b1   Thumb Code    10  fnan2.o(.text)
    __fpl_return_NaN                         0x000026c1   Thumb Code    94  retnan.o(.text)
    _sys_exit                                0x00002721   Thumb Code     8  sys_exit.o(.text)
    __I$use$semihosting                      0x0000272d   Thumb Code     0  use_no_semi.o(.text)
    __use_no_semihosting_swi                 0x0000272d   Thumb Code     2  use_no_semi.o(.text)
    __semihosting_library_function           0x0000272f   Thumb Code     0  indicate_semi.o(.text)
    CLK_EnableModuleClock                    0x00002731   Thumb Code    24  clk.o(.text.CLK_EnableModuleClock)
    CLK_EnableXtalRC                         0x0000274d   Thumb Code    12  clk.o(.text.CLK_EnableXtalRC)
    CLK_GetCPUFreq                           0x00002759   Thumb Code   156  clk.o(.text.CLK_GetCPUFreq)
    CLK_GetHCLKFreq                          0x00002839   Thumb Code    12  clk.o(.text.CLK_GetHCLKFreq)
    CLK_GetModuleClockDivider                0x00002845   Thumb Code    36  clk.o(.text.CLK_GetModuleClockDivider)
    CLK_GetModuleClockSource                 0x0000287d   Thumb Code   112  clk.o(.text.CLK_GetModuleClockSource)
    CLK_GetPCLK0Freq                         0x00002905   Thumb Code    24  clk.o(.text.CLK_GetPCLK0Freq)
    CLK_GetPCLK1Freq                         0x0000291d   Thumb Code    24  clk.o(.text.CLK_GetPCLK1Freq)
    CLK_GetPLLClockFreq                      0x0000293d   Thumb Code    56  clk.o(.text.CLK_GetPLLClockFreq)
    CLK_SetHCLK                              0x00002985   Thumb Code   108  clk.o(.text.CLK_SetHCLK)
    CLK_SetModuleClock                       0x000029fd   Thumb Code    68  clk.o(.text.CLK_SetModuleClock)
    CLK_SetSysTickClockSrc                   0x00002a65   Thumb Code    16  clk.o(.text.CLK_SetSysTickClockSrc)
    CLK_WaitClockReady                       0x00002a79   Thumb Code    28  clk.o(.text.CLK_WaitClockReady)
    DEBUG_Init                               0x00002a9d   Thumb Code    16  main.o(.text.DEBUG_Init)
    ESENS_Calc_Gas_Resistance                0x00002ab1   Thumb Code   116  esensor.o(.text.ESENS_Calc_Gas_Resistance)
    ESENS_Calc_Heater_Dur                    0x00002bad   Thumb Code    40  esensor.o(.text.ESENS_Calc_Heater_Dur)
    ESENS_Calc_Heater_Res                    0x00002bd5   Thumb Code   244  esensor.o(.text.ESENS_Calc_Heater_Res)
    ESENS_Calc_Humidity                      0x00002ce1   Thumb Code   140  esensor.o(.text.ESENS_Calc_Humidity)
    ESENS_Calc_Pressure                      0x00002d75   Thumb Code   176  esensor.o(.text.ESENS_Calc_Pressure)
    ESENS_Calc_Temperature                   0x00002e2d   Thumb Code   100  esensor.o(.text.ESENS_Calc_Temperature)
    ESENS_Get_Air_Quality_Score              0x00002e95   Thumb Code     8  esensor.o(.text.ESENS_Get_Air_Quality_Score)
    ESENS_Get_Calib_Data                     0x00002e9d   Thumb Code   508  esensor.o(.text.ESENS_Get_Calib_Data)
    ESENS_Get_Gas_Resistance                 0x0000309d   Thumb Code     8  esensor.o(.text.ESENS_Get_Gas_Resistance)
    ESENS_Get_Gas_Score                      0x000030a5   Thumb Code    68  esensor.o(.text.ESENS_Get_Gas_Score)
    ESENS_Get_Humidity                       0x00003101   Thumb Code     8  esensor.o(.text.ESENS_Get_Humidity)
    ESENS_Get_Humidity_Score                 0x00003109   Thumb Code   100  esensor.o(.text.ESENS_Get_Humidity_Score)
    ESENS_Get_Pressure                       0x00003195   Thumb Code     8  esensor.o(.text.ESENS_Get_Pressure)
    ESENS_Get_Temperature                    0x0000319d   Thumb Code     8  esensor.o(.text.ESENS_Get_Temperature)
    ESENS_Init                               0x000031a5   Thumb Code    44  esensor.o(.text.ESENS_Init)
    ESENS_Measure                            0x000031dd   Thumb Code    72  esensor.o(.text.ESENS_Measure)
    ESENS_Measure_Init                       0x00003231   Thumb Code    36  esensor.o(.text.ESENS_Measure_Init)
    ESENS_Read                               0x0000325d   Thumb Code   312  esensor.o(.text.ESENS_Read)
    ESENS_ReadChipID                         0x00003399   Thumb Code    24  esensor.o(.text.ESENS_ReadChipID)
    ESENS_Read_Field_Data                    0x000033b1   Thumb Code   292  esensor.o(.text.ESENS_Read_Field_Data)
    ESENS_Select_Filter                      0x000034d9   Thumb Code    52  esensor.o(.text.ESENS_Select_Filter)
    ESENS_Select_RunGas                      0x0000350d   Thumb Code    52  esensor.o(.text.ESENS_Select_RunGas)
    ESENS_Set_Gas_Config                     0x00003541   Thumb Code    48  esensor.o(.text.ESENS_Set_Gas_Config)
    ESENS_Set_Oversampling                   0x00003575   Thumb Code   112  esensor.o(.text.ESENS_Set_Oversampling)
    ESENS_Set_Sensor_Mode                    0x000035e5   Thumb Code    48  esensor.o(.text.ESENS_Set_Sensor_Mode)
    ESENS_Write                              0x00003619   Thumb Code   252  esensor.o(.text.ESENS_Write)
    GPF_IRQHandler                           0x00003719   Thumb Code    52  main.o(.text.GPF_IRQHandler)
    GPIO_EnableInt                           0x00003751   Thumb Code    40  gpio.o(.text.GPIO_EnableInt)
    GPIO_SetMode                             0x0000377d   Thumb Code    52  gpio.o(.text.GPIO_SetMode)
    GPIO_SetPullCtl                          0x000037b1   Thumb Code    52  gpio.o(.text.GPIO_SetPullCtl)
    I2C_Open                                 0x000037e5   Thumb Code    60  i2c.o(.text.I2C_Open)
    LORAM_GetPacketRssi                      0x00003825   Thumb Code     8  loramodule.o(.text.LORAM_GetPacketRssi)
    LORAM_GetRxPacket                        0x0000382d   Thumb Code     8  loramodule.o(.text.LORAM_GetRxPacket)
    LORAM_Init                               0x00003835   Thumb Code    16  loramodule.o(.text.LORAM_Init)
    LORAM_RX_Done                            0x00003845   Thumb Code   224  loramodule.o(.text.LORAM_RX_Done)
    LORAM_RX_Init                            0x00003941   Thumb Code   136  loramodule.o(.text.LORAM_RX_Init)
    LORAM_SetTxPacket                        0x000039c9   Thumb Code     8  loramodule.o(.text.LORAM_SetTxPacket)
    LORAM_TX_Done                            0x000039d1   Thumb Code    12  loramodule.o(.text.LORAM_TX_Done)
    LORAM_TX_Init                            0x000039dd   Thumb Code   160  loramodule.o(.text.LORAM_TX_Init)
    LoRa_RxDoneAction                        0x00003a95   Thumb Code   204  lora-task.o(.text.LoRa_RxDoneAction)
    LoRa_TxDoneAction                        0x00003ba1   Thumb Code     8  lora-task.o(.text.LoRa_TxDoneAction)
    LoRa_TxStart                             0x00003ba9   Thumb Code   180  lora-task.o(.text.LoRa_TxStart)
    PendSV_Handler                           0x00003d01   Thumb Code    70  port.o(.text.PendSV_Handler)
    ProcessHardFault                         0x00003d47   Thumb Code     2  retarget.o(.text.ProcessHardFault)
    SH_Return                                0x00003d49   Thumb Code     4  retarget.o(.text.SH_Return)
    SPI_Open                                 0x00003d4d   Thumb Code   504  spi.o(.text.SPI_Open)
    SX1276Init                               0x00003f85   Thumb Code    48  loramodule.o(.text.SX1276Init)
    SX1276InitIo                             0x00003fbd   Thumb Code   276  loramodule.o(.text.SX1276InitIo)
    SX1276LoRaGetPacketRssi                  0x000040e5   Thumb Code     8  loramodule.o(.text.SX1276LoRaGetPacketRssi)
    SX1276LoRaGetRFState                     0x000040f1   Thumb Code     8  loramodule.o(.text.SX1276LoRaGetRFState)
    SX1276LoRaGetRxPacket                    0x000040f9   Thumb Code    24  loramodule.o(.text.SX1276LoRaGetRxPacket)
    SX1276LoRaInit                           0x00004119   Thumb Code   136  loramodule.o(.text.SX1276LoRaInit)
    SX1276LoRaSetDefaults                    0x000041a9   Thumb Code    16  loramodule.o(.text.SX1276LoRaSetDefaults)
    SX1276LoRaSetErrorCoding                 0x000041b9   Thumb Code    48  loramodule.o(.text.SX1276LoRaSetErrorCoding)
    SX1276LoRaSetImplicitHeaderOn            0x000041e9   Thumb Code    44  loramodule.o(.text.SX1276LoRaSetImplicitHeaderOn)
    SX1276LoRaSetLowDatarateOptimize         0x00004215   Thumb Code    44  loramodule.o(.text.SX1276LoRaSetLowDatarateOptimize)
    SX1276LoRaSetNbTrigPeaks                 0x00004241   Thumb Code    40  loramodule.o(.text.SX1276LoRaSetNbTrigPeaks)
    SX1276LoRaSetOpMode                      0x00004269   Thumb Code    32  loramodule.o(.text.SX1276LoRaSetOpMode)
    SX1276LoRaSetPAOutput                    0x00004289   Thumb Code    40  loramodule.o(.text.SX1276LoRaSetPAOutput)
    SX1276LoRaSetPa20dBm                     0x000042b1   Thumb Code    64  loramodule.o(.text.SX1276LoRaSetPa20dBm)
    SX1276LoRaSetPacketCrcOn                 0x000042f1   Thumb Code    48  loramodule.o(.text.SX1276LoRaSetPacketCrcOn)
    SX1276LoRaSetPayloadLength               0x00004321   Thumb Code    24  loramodule.o(.text.SX1276LoRaSetPayloadLength)
    SX1276LoRaSetPreambleLength              0x0000433d   Thumb Code    48  loramodule.o(.text.SX1276LoRaSetPreambleLength)
    SX1276LoRaSetRFFrequency                 0x0000436d   Thumb Code    48  loramodule.o(.text.SX1276LoRaSetRFFrequency)
    SX1276LoRaSetRFPower                     0x000043a1   Thumb Code   124  loramodule.o(.text.SX1276LoRaSetRFPower)
    SX1276LoRaSetRFState                     0x0000441d   Thumb Code     8  loramodule.o(.text.SX1276LoRaSetRFState)
    SX1276LoRaSetSignalBandwidth             0x00004429   Thumb Code    48  loramodule.o(.text.SX1276LoRaSetSignalBandwidth)
    SX1276LoRaSetSpreadingFactor             0x00004459   Thumb Code    80  loramodule.o(.text.SX1276LoRaSetSpreadingFactor)
    SX1276LoRaSetSymbTimeout                 0x000044b1   Thumb Code    56  loramodule.o(.text.SX1276LoRaSetSymbTimeout)
    SX1276LoRaSetTxPacket                    0x000044ed   Thumb Code    24  loramodule.o(.text.SX1276LoRaSetTxPacket)
    SX1276Read                               0x00004511   Thumb Code    10  loramodule.o(.text.SX1276Read)
    SX1276ReadBuffer                         0x0000451d   Thumb Code    52  loramodule.o(.text.SX1276ReadBuffer)
    SX1276ReadFifo                           0x00004551   Thumb Code    14  loramodule.o(.text.SX1276ReadFifo)
    SX1276Reset                              0x00004561   Thumb Code    36  loramodule.o(.text.SX1276Reset)
    SX1276SetLoRaOn                          0x0000458d   Thumb Code    76  loramodule.o(.text.SX1276SetLoRaOn)
    SX1276SetReset                           0x000045e5   Thumb Code    40  loramodule.o(.text.SX1276SetReset)
    SX1276StartRx                            0x00004615   Thumb Code    10  loramodule.o(.text.SX1276StartRx)
    SX1276Write                              0x0000461f   Thumb Code    20  loramodule.o(.text.SX1276Write)
    SX1276WriteBuffer                        0x00004635   Thumb Code    44  loramodule.o(.text.SX1276WriteBuffer)
    SX1276WriteFifo                          0x00004665   Thumb Code    14  loramodule.o(.text.SX1276WriteFifo)
    SYS_Init                                 0x00004675   Thumb Code   200  main.o(.text.SYS_Init)
    SendChar                                 0x000047d1   Thumb Code     8  retarget.o(.text.SendChar)
    SendChar_ToUART                          0x000047d9   Thumb Code    32  retarget.o(.text.SendChar_ToUART)
    SpiInOut                                 0x000047fd   Thumb Code    16  loramodule.o(.text.SpiInOut)
    SysTick_Handler                          0x00004831   Thumb Code    28  port.o(.text.SysTick_Handler)
    SystemCoreClockUpdate                    0x00004851   Thumb Code    36  system_m261.o(.text.SystemCoreClockUpdate)
    SystemInit                               0x00004881   Thumb Code     8  system_m261.o(.text.SystemInit)
    TIMER_Delay                              0x00004899   Thumb Code   132  timer.o(.text.TIMER_Delay)
    TIMER_GetModuleClock                     0x00004949   Thumb Code    96  timer.o(.text.TIMER_GetModuleClock)
    TIMER_Init                               0x000049e9   Thumb Code    28  main.o(.text.TIMER_Init)
    TIMER_Open                               0x00004a05   Thumb Code    56  timer.o(.text.TIMER_Open)
    TMR1_IRQHandler                          0x00004a51   Thumb Code    32  main.o(.text.TMR1_IRQHandler)
    UART4_IRQHandler                         0x00004a75   Thumb Code     8  main.o(.text.UART4_IRQHandler)
    UART_ClearIntFlag                        0x00004a7d   Thumb Code    72  uart.o(.text.UART_ClearIntFlag)
    UART_EnableInt                           0x00004acd   Thumb Code    80  uart.o(.text.UART_EnableInt)
    UART_Open                                0x00004b1d   Thumb Code   140  uart.o(.text.UART_Open)
    UART_Write                               0x00004bcd   Thumb Code    42  uart.o(.text.UART_Write)
    WIFIM_CheckOK                            0x00004bf9   Thumb Code   148  wifimodule.o(.text.WIFIM_CheckOK)
    WIFIM_Init                               0x00004c91   Thumb Code   152  wifimodule.o(.text.WIFIM_Init)
    WIFIM_QueueClear                         0x00004d35   Thumb Code    24  wifimodule.o(.text.WIFIM_QueueClear)
    WIFIM_QueueEmpty                         0x00004d4d   Thumb Code    16  wifimodule.o(.text.WIFIM_QueueEmpty)
    WIFIM_QueueFull                          0x00004d5d   Thumb Code    32  wifimodule.o(.text.WIFIM_QueueFull)
    WIFIM_QueuePop                           0x00004d81   Thumb Code    44  wifimodule.o(.text.WIFIM_QueuePop)
    WIFIM_QueuePush                          0x00004dad   Thumb Code    44  wifimodule.o(.text.WIFIM_QueuePush)
    WIFIM_QueueSize                          0x00004ddd   Thumb Code    52  wifimodule.o(.text.WIFIM_QueueSize)
    WIFIM_Reset                              0x00004e19   Thumb Code    36  wifimodule.o(.text.WIFIM_Reset)
    WIFIM_Send                               0x00004e49   Thumb Code    16  wifimodule.o(.text.WIFIM_Send)
    WIFIM_UartRx_Handle                      0x00004e59   Thumb Code    72  wifimodule.o(.text.WIFIM_UartRx_Handle)
    connectToAP                              0x00004ef1   Thumb Code    60  wifi-task.o(.text.connectToAP)
    connectToServer                          0x00004f7d   Thumb Code    36  wifi-task.o(.text.connectToServer)
    createLoRaTask                           0x00004fed   Thumb Code    28  lora-task.o(.text.createLoRaTask)
    createMainTask                           0x00005019   Thumb Code    28  main-task.o(.text.createMainTask)
    createSensorTask                         0x00005045   Thumb Code    28  sensor-task.o(.text.createSensorTask)
    createWiFiTask                           0x00005071   Thumb Code    28  wifi-task.o(.text.createWiFiTask)
    ferror                                   0x0000509d   Thumb Code     6  retarget.o(.text.ferror)
    fputc                                    0x000050a3   Thumb Code    12  retarget.o(.text.fputc)
    getDeviceID                              0x000050b1   Thumb Code     8  main.o(.text.getDeviceID)
    getLoRaRxStartFlag                       0x000050bd   Thumb Code     8  lora-task.o(.text.getLoRaRxStartFlag)
    getLoRaTxStartFlag                       0x000050c9   Thumb Code     8  lora-task.o(.text.getLoRaTxStartFlag)
    getSensorData                            0x000050d5   Thumb Code     4  sensor-task.o(.text.getSensorData)
    main                                     0x00005149   Thumb Code   116  main.o(.text.main)
    makePacket                               0x00005251   Thumb Code   264  wifi-task.o(.text.makePacket)
    pvPortMalloc                             0x00005ba1   Thumb Code   220  heap_4.o(.text.pvPortMalloc)
    pvTaskIncrementMutexHeldCount            0x00005c89   Thumb Code    20  tasks.o(.text.pvTaskIncrementMutexHeldCount)
    pxPortInitialiseStack                    0x00005c9d   Thumb Code    40  port.o(.text.pxPortInitialiseStack)
    readDeviceID                             0x00005cc9   Thumb Code    32  main.o(.text.readDeviceID)
    sendSensorData                           0x00005cf1   Thumb Code    68  wifi-task.o(.text.sendSensorData)
    setBlinkFlag                             0x00005d71   Thumb Code     8  main-task.o(.text.setBlinkFlag)
    setLoRaRxStartFlag                       0x00005d7d   Thumb Code     8  lora-task.o(.text.setLoRaRxStartFlag)
    setLoRaTxStartFlag                       0x00005d89   Thumb Code     8  lora-task.o(.text.setLoRaTxStartFlag)
    ulSetInterruptMaskFromISR                0x00005d95   Thumb Code    10  port.o(.text.ulSetInterruptMaskFromISR)
    uxListRemove                             0x00005d9f   Thumb Code    32  list.o(.text.uxListRemove)
    vApplicationMallocFailedHook             0x00005dbf   Thumb Code     8  main.o(.text.vApplicationMallocFailedHook)
    vApplicationStackOverflowHook            0x00005dc9   Thumb Code    16  main.o(.text.vApplicationStackOverflowHook)
    vApplicationTickHook                     0x00005df9   Thumb Code     2  main.o(.text.vApplicationTickHook)
    vClearInterruptMaskFromISR               0x00005dfb   Thumb Code     6  port.o(.text.vClearInterruptMaskFromISR)
    vListInitialise                          0x00005e01   Thumb Code    16  list.o(.text.vListInitialise)
    vListInitialiseItem                      0x00005e11   Thumb Code     6  list.o(.text.vListInitialiseItem)
    vListInsert                              0x00005e17   Thumb Code    46  list.o(.text.vListInsert)
    vListInsertEnd                           0x00005e45   Thumb Code    24  list.o(.text.vListInsertEnd)
    vPortEnterCritical                       0x00005e5d   Thumb Code    24  port.o(.text.vPortEnterCritical)
    vPortExitCritical                        0x00005e75   Thumb Code    28  port.o(.text.vPortExitCritical)
    vPortFree                                0x00005e95   Thumb Code    84  heap_4.o(.text.vPortFree)
    vPortYield                               0x00005ef1   Thumb Code    20  port.o(.text.vPortYield)
    vQueueAddToRegistry                      0x00005f09   Thumb Code    28  queue.o(.text.vQueueAddToRegistry)
    vQueueWaitForMessageRestricted           0x00005f29   Thumb Code    66  queue.o(.text.vQueueWaitForMessageRestricted)
    vTaskDelay                               0x00005f6d   Thumb Code    48  tasks.o(.text.vTaskDelay)
    vTaskMissedYield                         0x00005f9d   Thumb Code     8  tasks.o(.text.vTaskMissedYield)
    vTaskPlaceOnEventList                    0x00005fa5   Thumb Code    36  tasks.o(.text.vTaskPlaceOnEventList)
    vTaskPlaceOnEventListRestricted          0x00005fc9   Thumb Code    44  tasks.o(.text.vTaskPlaceOnEventListRestricted)
    vTaskPriorityInherit                     0x00005ff5   Thumb Code   100  tasks.o(.text.vTaskPriorityInherit)
    vTaskSetTimeOutState                     0x0000605d   Thumb Code    24  tasks.o(.text.vTaskSetTimeOutState)
    vTaskStartScheduler                      0x00006079   Thumb Code    80  tasks.o(.text.vTaskStartScheduler)
    vTaskSuspendAll                          0x000060e5   Thumb Code    12  tasks.o(.text.vTaskSuspendAll)
    vTaskSwitchContext                       0x000060f1   Thumb Code   136  tasks.o(.text.vTaskSwitchContext)
    xPortStartScheduler                      0x00006221   Thumb Code    40  port.o(.text.xPortStartScheduler)
    xQueueGenericCreate                      0x00006251   Thumb Code    62  queue.o(.text.xQueueGenericCreate)
    xQueueGenericReceive                     0x0000628f   Thumb Code   352  queue.o(.text.xQueueGenericReceive)
    xQueueGenericReset                       0x000063ef   Thumb Code    96  queue.o(.text.xQueueGenericReset)
    xQueueGenericSend                        0x0000644f   Thumb Code   302  queue.o(.text.xQueueGenericSend)
    xQueueGenericSendFromISR                 0x0000657d   Thumb Code   190  queue.o(.text.xQueueGenericSendFromISR)
    xTaskCheckForTimeOut                     0x0000663d   Thumb Code    92  tasks.o(.text.xTaskCheckForTimeOut)
    xTaskCreate                              0x00006699   Thumb Code    92  tasks.o(.text.xTaskCreate)
    xTaskGetSchedulerState                   0x000066f5   Thumb Code    24  tasks.o(.text.xTaskGetSchedulerState)
    xTaskGetTickCount                        0x00006711   Thumb Code     8  tasks.o(.text.xTaskGetTickCount)
    xTaskIncrementTick                       0x00006719   Thumb Code   252  tasks.o(.text.xTaskIncrementTick)
    xTaskPriorityDisinherit                  0x00006829   Thumb Code    96  tasks.o(.text.xTaskPriorityDisinherit)
    xTaskRemoveFromEventList                 0x00006889   Thumb Code    96  tasks.o(.text.xTaskRemoveFromEventList)
    xTaskResumeAll                           0x000068e9   Thumb Code   196  tasks.o(.text.xTaskResumeAll)
    xTimerCreateTimerTask                    0x000069cd   Thumb Code    56  timers.o(.text.xTimerCreateTimerTask)
    xTimerGenericCommand                     0x00006a19   Thumb Code    88  timers.o(.text.xTimerGenericCommand)
    __ARM_common_ll_muluu                    0x00006a75   Thumb Code    48  btod.o(i.__ARM_common_ll_muluu)
    __ARM_fpclassify                         0x00006aa5   Thumb Code    40  fpclassify.o(i.__ARM_fpclassify)
    __aeabi_fcmpge                           0x00006ad1   Thumb Code     0  fcmp.o(i._fgeq)
    _fgeq                                    0x00006ad1   Thumb Code    22  fcmp.o(i._fgeq)
    __aeabi_fcmple                           0x00006ae7   Thumb Code     0  fcmp.o(i._fleq)
    _fleq                                    0x00006ae7   Thumb Code    26  fcmp.o(i._fleq)
    __aeabi_fcmplt                           0x00006b01   Thumb Code     0  fcmp.o(i._fls)
    _fls                                     0x00006b01   Thumb Code    22  fcmp.o(i._fls)
    _is_digit                                0x00006b17   Thumb Code    14  __printf_wp.o(i._is_digit)
    _get_lc_numeric                          0x00006b25   Thumb Code    44  lc_numeric_c.o(locale$$code)
    __aeabi_fadd                             0x00006b51   Thumb Code     0  faddsub.o(x$fpl$fadd)
    _fadd                                    0x00006b51   Thumb Code   134  faddsub.o(x$fpl$fadd)
    _fcmpge                                  0x00006bdd   Thumb Code    78  fgef.o(x$fpl$fgeqf)
    __aeabi_cfcmple                          0x00006c31   Thumb Code     0  flef.o(x$fpl$fleqf)
    _fcmple                                  0x00006c31   Thumb Code    78  flef.o(x$fpl$fleqf)
    __aeabi_fmul                             0x00006c85   Thumb Code     0  fmul.o(x$fpl$fmul)
    _fmul                                    0x00006c85   Thumb Code   172  fmul.o(x$fpl$fmul)
    __aeabi_fsub                             0x00006d35   Thumb Code     0  faddsub.o(x$fpl$fsub)
    _fsub                                    0x00006d35   Thumb Code   204  faddsub.o(x$fpl$fsub)
    _printf_fp_dec                           0x00006e05   Thumb Code    16  printf1.o(x$fpl$printf1)
    __I$use$fp                               0x00006e14   Number         0  usenofp.o(x$fpl$usenofp)
    Region$$Table$$Base                      0x00006fd4   Number         0  anon$$obj.o(Region$$Table)
    Region$$Table$$Limit                     0x00006ff4   Number         0  anon$$obj.o(Region$$Table)
    CyclesPerUs                              0x20000000   Data           4  system_m261.o(.data.CyclesPerUs)
    LoRaSettings                             0x20000004   Data          28  loramodule.o(.data.LoRaSettings)
    PllClock                                 0x20000020   Data           4  system_m261.o(.data.PllClock)
    SystemCoreClock                          0x20000024   Data           4  system_m261.o(.data.SystemCoreClock)
    __libspace_start                         0x20000030   Data          96  libspace.o(.bss)
    __temporary_stack_top$libspace           0x20000090   Data           0  libspace.o(.bss)
    SX1276LR                                 0x200001a4   Data           4  loramodule.o(.bss.SX1276LR)
    SX1276Regs                               0x200001a8   Data         112  loramodule.o(.bss.SX1276Regs)
    __stdout                                 0x20000220   Data          84  retarget.o(.bss.__stdout)
    bme680                                   0x20000274   Data          68  esensor.o(.bss.bme680)
    bme680_data                              0x200002b8   Data          24  esensor.o(.bss.bme680_data)
    g_sensorData                             0x200002d4   Data          17  sensor-task.o(.bss.g_sensorData)
    g_u8LoRaRxStartFlag                      0x200002e7   Data           1  lora-task.o(.bss.g_u8LoRaRxStartFlag)
    g_u8LoRaTxStartFlag                      0x200002e8   Data           1  lora-task.o(.bss.g_u8LoRaTxStartFlag)
    g_wifiStatus                             0x200004ec   Data           1  wifi-task.o(.bss.g_wifiStatus)
    pxCurrentTCB                             0x200004f4   Data           4  tasks.o(.bss.pxCurrentTCB)
    xQueueRegistry                           0x20002640   Data          64  queue.o(.bss.xQueueRegistry)



==============================================================================

Memory Map of the image

  Image Entry point : 0x000001d9

  Load Region LR_IROM1 (Base: 0x00000000, Size: 0x00007040, Max: 0x00080000, ABSOLUTE)

    Execution Region ER_IROM1 (Exec base: 0x00000000, Load base: 0x00000000, Size: 0x00007010, Max: 0x00080000, ABSOLUTE)

    Exec Addr    Load Addr    Size         Type   Attr      Idx    E Section Name        Object

    0x00000000   0x00000000   0x000001d8   Data   RO         1089    RESET               startup_m261.o
    0x000001d8   0x000001d8   0x00000008   Code   RO         1187  * !!!main             c_p.l(__main.o)
    0x000001e0   0x000001e0   0x0000003c   Code   RO         1479    !!!scatter          c_p.l(__scatter.o)
    0x0000021c   0x0000021c   0x0000001a   Code   RO         1481    !!handler_copy      c_p.l(__scatter_copy.o)
    0x00000236   0x00000236   0x00000002   PAD
    0x00000238   0x00000238   0x0000001c   Code   RO         1483    !!handler_zi        c_p.l(__scatter_zi.o)
    0x00000254   0x00000254   0x00000002   Code   RO         1174    .ARM.Collect$$_printf_percent$$00000000  c_p.l(_printf_percent.o)
    0x00000256   0x00000256   0x0000000a   Code   RO         1173    .ARM.Collect$$_printf_percent$$00000003  c_p.l(_printf_f.o)
    0x00000260   0x00000260   0x0000000a   Code   RO         1172    .ARM.Collect$$_printf_percent$$00000009  c_p.l(_printf_d.o)
    0x0000026a   0x0000026a   0x0000000a   Code   RO         1171    .ARM.Collect$$_printf_percent$$0000000C  c_p.l(_printf_x.o)
    0x00000274   0x00000274   0x0000000a   Code   RO         1170    .ARM.Collect$$_printf_percent$$00000014  c_p.l(_printf_s.o)
    0x0000027e   0x0000027e   0x00000004   Code   RO         1250    .ARM.Collect$$_printf_percent$$00000017  c_p.l(_printf_percent_end.o)
    0x00000282   0x00000282   0x00000002   Code   RO         1337    .ARM.Collect$$libinit$$00000000  c_p.l(libinit.o)
    0x00000284   0x00000284   0x00000000   Code   RO         1339    .ARM.Collect$$libinit$$00000002  c_p.l(libinit2.o)
    0x00000284   0x00000284   0x00000000   Code   RO         1341    .ARM.Collect$$libinit$$00000004  c_p.l(libinit2.o)
    0x00000284   0x00000284   0x00000000   Code   RO         1344    .ARM.Collect$$libinit$$0000000A  c_p.l(libinit2.o)
    0x00000284   0x00000284   0x00000000   Code   RO         1346    .ARM.Collect$$libinit$$0000000C  c_p.l(libinit2.o)
    0x00000284   0x00000284   0x00000000   Code   RO         1348    .ARM.Collect$$libinit$$0000000E  c_p.l(libinit2.o)
    0x00000284   0x00000284   0x00000006   Code   RO         1349    .ARM.Collect$$libinit$$0000000F  c_p.l(libinit2.o)
    0x0000028a   0x0000028a   0x00000000   Code   RO         1351    .ARM.Collect$$libinit$$00000011  c_p.l(libinit2.o)
    0x0000028a   0x0000028a   0x00000000   Code   RO         1353    .ARM.Collect$$libinit$$00000013  c_p.l(libinit2.o)
    0x0000028a   0x0000028a   0x00000000   Code   RO         1355    .ARM.Collect$$libinit$$00000015  c_p.l(libinit2.o)
    0x0000028a   0x0000028a   0x0000000a   Code   RO         1356    .ARM.Collect$$libinit$$00000016  c_p.l(libinit2.o)
    0x00000294   0x00000294   0x00000000   Code   RO         1357    .ARM.Collect$$libinit$$00000017  c_p.l(libinit2.o)
    0x00000294   0x00000294   0x00000000   Code   RO         1359    .ARM.Collect$$libinit$$00000019  c_p.l(libinit2.o)
    0x00000294   0x00000294   0x00000000   Code   RO         1361    .ARM.Collect$$libinit$$0000001B  c_p.l(libinit2.o)
    0x00000294   0x00000294   0x00000000   Code   RO         1363    .ARM.Collect$$libinit$$0000001D  c_p.l(libinit2.o)
    0x00000294   0x00000294   0x00000000   Code   RO         1365    .ARM.Collect$$libinit$$0000001F  c_p.l(libinit2.o)
    0x00000294   0x00000294   0x00000000   Code   RO         1367    .ARM.Collect$$libinit$$00000021  c_p.l(libinit2.o)
    0x00000294   0x00000294   0x00000000   Code   RO         1369    .ARM.Collect$$libinit$$00000023  c_p.l(libinit2.o)
    0x00000294   0x00000294   0x00000000   Code   RO         1371    .ARM.Collect$$libinit$$00000025  c_p.l(libinit2.o)
    0x00000294   0x00000294   0x00000000   Code   RO         1375    .ARM.Collect$$libinit$$0000002C  c_p.l(libinit2.o)
    0x00000294   0x00000294   0x00000000   Code   RO         1377    .ARM.Collect$$libinit$$0000002E  c_p.l(libinit2.o)
    0x00000294   0x00000294   0x00000000   Code   RO         1379    .ARM.Collect$$libinit$$00000030  c_p.l(libinit2.o)
    0x00000294   0x00000294   0x00000000   Code   RO         1381    .ARM.Collect$$libinit$$00000032  c_p.l(libinit2.o)
    0x00000294   0x00000294   0x00000002   Code   RO         1382    .ARM.Collect$$libinit$$00000033  c_p.l(libinit2.o)
    0x00000296   0x00000296   0x00000002   Code   RO         1444    .ARM.Collect$$libshutdown$$00000000  c_p.l(libshutdown.o)
    0x00000298   0x00000298   0x00000000   Code   RO         1462    .ARM.Collect$$libshutdown$$00000002  c_p.l(libshutdown2.o)
    0x00000298   0x00000298   0x00000000   Code   RO         1464    .ARM.Collect$$libshutdown$$00000004  c_p.l(libshutdown2.o)
    0x00000298   0x00000298   0x00000000   Code   RO         1467    .ARM.Collect$$libshutdown$$00000007  c_p.l(libshutdown2.o)
    0x00000298   0x00000298   0x00000000   Code   RO         1470    .ARM.Collect$$libshutdown$$0000000A  c_p.l(libshutdown2.o)
    0x00000298   0x00000298   0x00000000   Code   RO         1472    .ARM.Collect$$libshutdown$$0000000C  c_p.l(libshutdown2.o)
    0x00000298   0x00000298   0x00000000   Code   RO         1475    .ARM.Collect$$libshutdown$$0000000F  c_p.l(libshutdown2.o)
    0x00000298   0x00000298   0x00000002   Code   RO         1476    .ARM.Collect$$libshutdown$$00000010  c_p.l(libshutdown2.o)
    0x0000029a   0x0000029a   0x00000000   Code   RO         1233    .ARM.Collect$$rtentry$$00000000  c_p.l(__rtentry.o)
    0x0000029a   0x0000029a   0x00000000   Code   RO         1261    .ARM.Collect$$rtentry$$00000002  c_p.l(__rtentry2.o)
    0x0000029a   0x0000029a   0x00000006   Code   RO         1273    .ARM.Collect$$rtentry$$00000004  c_p.l(__rtentry4.o)
    0x000002a0   0x000002a0   0x00000000   Code   RO         1263    .ARM.Collect$$rtentry$$00000009  c_p.l(__rtentry2.o)
    0x000002a0   0x000002a0   0x00000004   Code   RO         1264    .ARM.Collect$$rtentry$$0000000A  c_p.l(__rtentry2.o)
    0x000002a4   0x000002a4   0x00000000   Code   RO         1266    .ARM.Collect$$rtentry$$0000000C  c_p.l(__rtentry2.o)
    0x000002a4   0x000002a4   0x00000008   Code   RO         1267    .ARM.Collect$$rtentry$$0000000D  c_p.l(__rtentry2.o)
    0x000002ac   0x000002ac   0x00000002   Code   RO         1388    .ARM.Collect$$rtexit$$00000000  c_p.l(rtexit.o)
    0x000002ae   0x000002ae   0x00000000   Code   RO         1413    .ARM.Collect$$rtexit$$00000002  c_p.l(rtexit2.o)
    0x000002ae   0x000002ae   0x00000004   Code   RO         1414    .ARM.Collect$$rtexit$$00000003  c_p.l(rtexit2.o)
    0x000002b2   0x000002b2   0x00000006   Code   RO         1415    .ARM.Collect$$rtexit$$00000004  c_p.l(rtexit2.o)
    0x000002b8   0x000002b8   0x00000038   Code   RO         1177    .emb_text           c_p.l(rt_memcpy.o)
    0x000002f0   0x000002f0   0x0000005c   Code   RO         1090    .text               startup_m261.o
    0x0000034c   0x0000034c   0x00000030   Code   RO         1113    .text               c_p.l(llmul.o)
    0x0000037c   0x0000037c   0x000000a6   Code   RO         1115    .text               c_p.l(llsdiv.o)
    0x00000422   0x00000422   0x00000002   PAD
    0x00000424   0x00000424   0x0000001c   Code   RO         1119    .text               c_p.l(noretval__2printf.o)
    0x00000440   0x00000440   0x0000004e   Code   RO         1123    .text               c_p.l(_printf_pad.o)
    0x0000048e   0x0000048e   0x00000052   Code   RO         1125    .text               c_p.l(_printf_str.o)
    0x000004e0   0x000004e0   0x0000006c   Code   RO         1127    .text               c_p.l(_printf_dec.o)
    0x0000054c   0x0000054c   0x00000058   Code   RO         1132    .text               c_p.l(_printf_hex_int.o)
    0x000005a4   0x000005a4   0x00000138   Code   RO         1162    .text               c_p.l(__printf_flags_wp.o)
    0x000006dc   0x000006dc   0x0000002c   Code   RO         1175    .text               c_p.l(puts.o)
    0x00000708   0x00000708   0x00000082   Code   RO         1178    .text               c_p.l(rt_memcpy.o)
    0x0000078a   0x0000078a   0x00000012   Code   RO         1181    .text               c_p.l(aeabi_memset4.o)
    0x0000079c   0x0000079c   0x00000040   Code   RO         1183    .text               c_p.l(rt_memclr.o)
    0x000007dc   0x000007dc   0x00000006   Code   RO         1185    .text               c_p.l(heapauxi.o)
    0x000007e2   0x000007e2   0x00000002   PAD
    0x000007e4   0x000007e4   0x00000358   Code   RO         1189    .text               fz_ps.l(daddsub.o)
    0x00000b3c   0x00000b3c   0x00000448   Code   RO         1191    .text               fz_ps.l(ddiv.o)
    0x00000f84   0x00000f84   0x0000006c   Code   RO         1194    .text               fz_ps.l(dfixi.o)
    0x00000ff0   0x00000ff0   0x00000048   Code   RO         1196    .text               fz_ps.l(dfixui.o)
    0x00001038   0x00001038   0x00000058   Code   RO         1198    .text               fz_ps.l(dflti.o)
    0x00001090   0x00001090   0x00000248   Code   RO         1200    .text               fz_ps.l(dmul.o)
    0x000012d8   0x000012d8   0x00000054   Code   RO         1202    .text               fz_ps.l(f2d.o)
    0x0000132c   0x0000132c   0x00000160   Code   RO         1222    .text               fz_ps.l(fdiv.o)
    0x0000148c   0x0000148c   0x0000004c   Code   RO         1225    .text               fz_ps.l(ffixi.o)
    0x000014d8   0x000014d8   0x0000005e   Code   RO         1227    .text               fz_ps.l(fflti.o)
    0x00001536   0x00001536   0x00000110   Code   RO         1238    .text               c_p.l(lludiv.o)
    0x00001646   0x00001646   0x000000b0   Code   RO         1240    .text               c_p.l(_printf_intcommon.o)
    0x000016f6   0x000016f6   0x00000002   PAD
    0x000016f8   0x000016f8   0x00000414   Code   RO         1242    .text               c_p.l(_printf_fp_dec.o)
    0x00001b0c   0x00001b0c   0x0000002e   Code   RO         1246    .text               c_p.l(_printf_char.o)
    0x00001b3a   0x00001b3a   0x00000002   PAD
    0x00001b3c   0x00001b3c   0x00000028   Code   RO         1248    .text               c_p.l(_printf_char_file.o)
    0x00001b64   0x00001b64   0x00000028   Code   RO         1251    .text               c_p.l(rtudiv10.o)
    0x00001b8c   0x00001b8c   0x00000008   Code   RO         1280    .text               c_p.l(rt_locale_intlibspace.o)
    0x00001b94   0x00001b94   0x0000007a   Code   RO         1282    .text               c_p.l(lludiv10.o)
    0x00001c0e   0x00001c0e   0x00000002   PAD
    0x00001c10   0x00001c10   0x00000030   Code   RO         1284    .text               c_p.l(_printf_char_common.o)
    0x00001c40   0x00001c40   0x00000088   Code   RO         1286    .text               c_p.l(_printf_fp_infnan.o)
    0x00001cc8   0x00001cc8   0x000000d8   Code   RO         1288    .text               c_p.l(bigflt0.o)
    0x00001da0   0x00001da0   0x00000580   Code   RO         1291    .text               c_p.l(btod.o)
    0x00002320   0x00002320   0x00000064   Code   RO         1300    .text               fz_ps.l(fcmpin.o)
    0x00002384   0x00002384   0x00000008   Code   RO         1306    .text               c_p.l(libspace.o)
    0x0000238c   0x0000238c   0x0000003e   Code   RO         1309    .text               c_p.l(sys_stackheap_outer.o)
    0x000023ca   0x000023ca   0x00000010   Code   RO         1316    .text               c_p.l(exit.o)
    0x000023da   0x000023da   0x00000002   PAD
    0x000023dc   0x000023dc   0x000000ac   Code   RO         1322    .text               c_p.l(strcmpv8m.o)
    0x00002488   0x00002488   0x000001f8   Code   RO         1324    .text               c_p.l(aeabi_sdivfast.o)
    0x00002680   0x00002680   0x0000002e   Code   RO         1383    .text               fz_ps.l(cmpret.o)
    0x000026ae   0x000026ae   0x00000002   PAD
    0x000026b0   0x000026b0   0x00000010   Code   RO         1385    .text               fz_ps.l(fnan2.o)
    0x000026c0   0x000026c0   0x0000005e   Code   RO         1406    .text               fz_ps.l(retnan.o)
    0x0000271e   0x0000271e   0x00000002   PAD
    0x00002720   0x00002720   0x0000000c   Code   RO         1408    .text               c_p.l(sys_exit.o)
    0x0000272c   0x0000272c   0x00000002   Code   RO         1431    .text               c_p.l(use_no_semi.o)
    0x0000272e   0x0000272e   0x00000000   Code   RO         1433    .text               c_p.l(indicate_semi.o)
    0x0000272e   0x0000272e   0x00000002   PAD
    0x00002730   0x00002730   0x0000001c   Code   RO          174    .text.CLK_EnableModuleClock  clk.o
    0x0000274c   0x0000274c   0x0000000c   Code   RO          170    .text.CLK_EnableXtalRC  clk.o
    0x00002758   0x00002758   0x000000e0   Code   RO          156    .text.CLK_GetCPUFreq  clk.o
    0x00002838   0x00002838   0x0000000c   Code   RO          150    .text.CLK_GetHCLKFreq  clk.o
    0x00002844   0x00002844   0x00000038   Code   RO          196    .text.CLK_GetModuleClockDivider  clk.o
    0x0000287c   0x0000287c   0x00000088   Code   RO          194    .text.CLK_GetModuleClockSource  clk.o
    0x00002904   0x00002904   0x00000018   Code   RO          152    .text.CLK_GetPCLK0Freq  clk.o
    0x0000291c   0x0000291c   0x00000020   Code   RO          154    .text.CLK_GetPCLK1Freq  clk.o
    0x0000293c   0x0000293c   0x00000048   Code   RO          192    .text.CLK_GetPLLClockFreq  clk.o
    0x00002984   0x00002984   0x00000078   Code   RO          164    .text.CLK_SetHCLK   clk.o
    0x000029fc   0x000029fc   0x00000068   Code   RO          166    .text.CLK_SetModuleClock  clk.o
    0x00002a64   0x00002a64   0x00000014   Code   RO          168    .text.CLK_SetSysTickClockSrc  clk.o
    0x00002a78   0x00002a78   0x00000024   Code   RO          160    .text.CLK_WaitClockReady  clk.o
    0x00002a9c   0x00002a9c   0x00000014   Code   RO           20    .text.DEBUG_Init    main.o
    0x00002ab0   0x00002ab0   0x000000fc   Code   RO          543    .text.ESENS_Calc_Gas_Resistance  esensor.o
    0x00002bac   0x00002bac   0x00000028   Code   RO          523    .text.ESENS_Calc_Heater_Dur  esensor.o
    0x00002bd4   0x00002bd4   0x0000010c   Code   RO          521    .text.ESENS_Calc_Heater_Res  esensor.o
    0x00002ce0   0x00002ce0   0x00000094   Code   RO          541    .text.ESENS_Calc_Humidity  esensor.o
    0x00002d74   0x00002d74   0x000000b8   Code   RO          539    .text.ESENS_Calc_Pressure  esensor.o
    0x00002e2c   0x00002e2c   0x00000068   Code   RO          537    .text.ESENS_Calc_Temperature  esensor.o
    0x00002e94   0x00002e94   0x00000008   Code   RO          565    .text.ESENS_Get_Air_Quality_Score  esensor.o
    0x00002e9c   0x00002e9c   0x00000200   Code   RO          519    .text.ESENS_Get_Calib_Data  esensor.o
    0x0000309c   0x0000309c   0x00000008   Code   RO          563    .text.ESENS_Get_Gas_Resistance  esensor.o
    0x000030a4   0x000030a4   0x0000005c   Code   RO          549    .text.ESENS_Get_Gas_Score  esensor.o
    0x00003100   0x00003100   0x00000008   Code   RO          561    .text.ESENS_Get_Humidity  esensor.o
    0x00003108   0x00003108   0x0000008c   Code   RO          547    .text.ESENS_Get_Humidity_Score  esensor.o
    0x00003194   0x00003194   0x00000008   Code   RO          559    .text.ESENS_Get_Pressure  esensor.o
    0x0000319c   0x0000319c   0x00000008   Code   RO          557    .text.ESENS_Get_Temperature  esensor.o
    0x000031a4   0x000031a4   0x00000038   Code   RO          507    .text.ESENS_Init    esensor.o
    0x000031dc   0x000031dc   0x00000054   Code   RO          555    .text.ESENS_Measure  esensor.o
    0x00003230   0x00003230   0x0000002c   Code   RO          553    .text.ESENS_Measure_Init  esensor.o
    0x0000325c   0x0000325c   0x0000013c   Code   RO          515    .text.ESENS_Read    esensor.o
    0x00003398   0x00003398   0x00000018   Code   RO          517    .text.ESENS_ReadChipID  esensor.o
    0x000033b0   0x000033b0   0x00000128   Code   RO          545    .text.ESENS_Read_Field_Data  esensor.o
    0x000034d8   0x000034d8   0x00000034   Code   RO          531    .text.ESENS_Select_Filter  esensor.o
    0x0000350c   0x0000350c   0x00000034   Code   RO          533    .text.ESENS_Select_RunGas  esensor.o
    0x00003540   0x00003540   0x00000034   Code   RO          525    .text.ESENS_Set_Gas_Config  esensor.o
    0x00003574   0x00003574   0x00000070   Code   RO          529    .text.ESENS_Set_Oversampling  esensor.o
    0x000035e4   0x000035e4   0x00000034   Code   RO          527    .text.ESENS_Set_Sensor_Mode  esensor.o
    0x00003618   0x00003618   0x00000100   Code   RO          513    .text.ESENS_Write   esensor.o
    0x00003718   0x00003718   0x00000038   Code   RO           10    .text.GPF_IRQHandler  main.o
    0x00003750   0x00003750   0x0000002c   Code   RO          208    .text.GPIO_EnableInt  gpio.o
    0x0000377c   0x0000377c   0x00000034   Code   RO          206    .text.GPIO_SetMode  gpio.o
    0x000037b0   0x000037b0   0x00000034   Code   RO          214    .text.GPIO_SetPullCtl  gpio.o
    0x000037e4   0x000037e4   0x00000040   Code   RO          265    .text.I2C_Open      i2c.o
    0x00003824   0x00003824   0x00000008   Code   RO          664    .text.LORAM_GetPacketRssi  loramodule.o
    0x0000382c   0x0000382c   0x00000008   Code   RO          662    .text.LORAM_GetRxPacket  loramodule.o
    0x00003834   0x00003834   0x00000010   Code   RO          578    .text.LORAM_Init    loramodule.o
    0x00003844   0x00003844   0x000000fc   Code   RO          660    .text.LORAM_RX_Done  loramodule.o
    0x00003940   0x00003940   0x00000088   Code   RO          584    .text.LORAM_RX_Init  loramodule.o
    0x000039c8   0x000039c8   0x00000008   Code   RO          668    .text.LORAM_SetTxPacket  loramodule.o
    0x000039d0   0x000039d0   0x0000000c   Code   RO          670    .text.LORAM_TX_Done  loramodule.o
    0x000039dc   0x000039dc   0x000000b8   Code   RO          648    .text.LORAM_TX_Init  loramodule.o
    0x00003a94   0x00003a94   0x0000010c   Code   RO          118    .text.LoRa_RxDoneAction  lora-task.o
    0x00003ba0   0x00003ba0   0x00000008   Code   RO          120    .text.LoRa_TxDoneAction  lora-task.o
    0x00003ba8   0x00003ba8   0x000000e0   Code   RO          122    .text.LoRa_TxStart  lora-task.o
    0x00003c88   0x00003c88   0x00000078   PAD
    0x00003d00   0x00003d00   0x00000046   Code   RO         1043    .text.PendSV_Handler  port.o
    0x00003d46   0x00003d46   0x00000002   Code   RO         1056    .text.ProcessHardFault  retarget.o
    0x00003d48   0x00003d48   0x00000004   Code   RO         1058    .text.SH_Return     retarget.o
    0x00003d4c   0x00003d4c   0x00000238   Code   RO          385    .text.SPI_Open      spi.o
    0x00003f84   0x00003f84   0x00000038   Code   RO          580    .text.SX1276Init    loramodule.o
    0x00003fbc   0x00003fbc   0x00000128   Code   RO          586    .text.SX1276InitIo  loramodule.o
    0x000040e4   0x000040e4   0x0000000c   Code   RO          666    .text.SX1276LoRaGetPacketRssi  loramodule.o
    0x000040f0   0x000040f0   0x00000008   Code   RO          658    .text.SX1276LoRaGetRFState  loramodule.o
    0x000040f8   0x000040f8   0x00000020   Code   RO          652    .text.SX1276LoRaGetRxPacket  loramodule.o
    0x00004118   0x00004118   0x00000090   Code   RO          592    .text.SX1276LoRaInit  loramodule.o
    0x000041a8   0x000041a8   0x00000010   Code   RO          616    .text.SX1276LoRaSetDefaults  loramodule.o
    0x000041b8   0x000041b8   0x00000030   Code   RO          622    .text.SX1276LoRaSetErrorCoding  loramodule.o
    0x000041e8   0x000041e8   0x0000002c   Code   RO          628    .text.SX1276LoRaSetImplicitHeaderOn  loramodule.o
    0x00004214   0x00004214   0x0000002c   Code   RO          636    .text.SX1276LoRaSetLowDatarateOptimize  loramodule.o
    0x00004240   0x00004240   0x00000028   Code   RO          644    .text.SX1276LoRaSetNbTrigPeaks  loramodule.o
    0x00004268   0x00004268   0x00000020   Code   RO          606    .text.SX1276LoRaSetOpMode  loramodule.o
    0x00004288   0x00004288   0x00000028   Code   RO          638    .text.SX1276LoRaSetPAOutput  loramodule.o
    0x000042b0   0x000042b0   0x00000040   Code   RO          640    .text.SX1276LoRaSetPa20dBm  loramodule.o
    0x000042f0   0x000042f0   0x00000030   Code   RO          624    .text.SX1276LoRaSetPacketCrcOn  loramodule.o
    0x00004320   0x00004320   0x0000001c   Code   RO          632    .text.SX1276LoRaSetPayloadLength  loramodule.o
    0x0000433c   0x0000433c   0x00000030   Code   RO          634    .text.SX1276LoRaSetPreambleLength  loramodule.o
    0x0000436c   0x0000436c   0x00000034   Code   RO          618    .text.SX1276LoRaSetRFFrequency  loramodule.o
    0x000043a0   0x000043a0   0x0000007c   Code   RO          642    .text.SX1276LoRaSetRFPower  loramodule.o
    0x0000441c   0x0000441c   0x0000000c   Code   RO          646    .text.SX1276LoRaSetRFState  loramodule.o
    0x00004428   0x00004428   0x00000030   Code   RO          626    .text.SX1276LoRaSetSignalBandwidth  loramodule.o
    0x00004458   0x00004458   0x00000058   Code   RO          620    .text.SX1276LoRaSetSpreadingFactor  loramodule.o
    0x000044b0   0x000044b0   0x0000003c   Code   RO          630    .text.SX1276LoRaSetSymbTimeout  loramodule.o
    0x000044ec   0x000044ec   0x00000024   Code   RO          654    .text.SX1276LoRaSetTxPacket  loramodule.o
    0x00004510   0x00004510   0x0000000a   Code   RO          596    .text.SX1276Read    loramodule.o
    0x0000451a   0x0000451a   0x00000002   PAD
    0x0000451c   0x0000451c   0x00000034   Code   RO          612    .text.SX1276ReadBuffer  loramodule.o
    0x00004550   0x00004550   0x0000000e   Code   RO          656    .text.SX1276ReadFifo  loramodule.o
    0x0000455e   0x0000455e   0x00000002   PAD
    0x00004560   0x00004560   0x0000002c   Code   RO          588    .text.SX1276Reset   loramodule.o
    0x0000458c   0x0000458c   0x00000058   Code   RO          590    .text.SX1276SetLoRaOn  loramodule.o
    0x000045e4   0x000045e4   0x00000030   Code   RO          604    .text.SX1276SetReset  loramodule.o
    0x00004614   0x00004614   0x0000000a   Code   RO          582    .text.SX1276StartRx  loramodule.o
    0x0000461e   0x0000461e   0x00000014   Code   RO          608    .text.SX1276Write   loramodule.o
    0x00004632   0x00004632   0x00000002   PAD
    0x00004634   0x00004634   0x00000030   Code   RO          610    .text.SX1276WriteBuffer  loramodule.o
    0x00004664   0x00004664   0x0000000e   Code   RO          650    .text.SX1276WriteFifo  loramodule.o
    0x00004672   0x00004672   0x00000002   PAD
    0x00004674   0x00004674   0x000000d8   Code   RO           12    .text.SYS_Init      main.o
    0x0000474c   0x0000474c   0x00000008   Code   RO           18    .text.SYS_LockReg   main.o
    0x00004754   0x00004754   0x00000008   Code   RO          486    .text.SYS_LockReg   wifimodule.o
    0x0000475c   0x0000475c   0x00000008   Code   RO          511    .text.SYS_LockReg   esensor.o
    0x00004764   0x00004764   0x00000008   Code   RO          600    .text.SYS_LockReg   loramodule.o
    0x0000476c   0x0000476c   0x00000018   Code   RO           14    .text.SYS_UnlockReg  main.o
    0x00004784   0x00004784   0x00000018   Code   RO          484    .text.SYS_UnlockReg  wifimodule.o
    0x0000479c   0x0000479c   0x00000018   Code   RO          509    .text.SYS_UnlockReg  esensor.o
    0x000047b4   0x000047b4   0x0000001c   Code   RO          598    .text.SYS_UnlockReg  loramodule.o
    0x000047d0   0x000047d0   0x00000008   Code   RO         1062    .text.SendChar      retarget.o
    0x000047d8   0x000047d8   0x00000024   Code   RO         1060    .text.SendChar_ToUART  retarget.o
    0x000047fc   0x000047fc   0x00000014   Code   RO          614    .text.SpiInOut      loramodule.o
    0x00004810   0x00004810   0x00000020   Code   RO           16    .text.SysTick_Config  main.o
    0x00004830   0x00004830   0x00000020   Code   RO         1045    .text.SysTick_Handler  port.o
    0x00004850   0x00004850   0x00000030   Code   RO         1097    .text.SystemCoreClockUpdate  system_m261.o
    0x00004880   0x00004880   0x00000010   Code   RO         1099    .text.SystemInit    system_m261.o
    0x00004890   0x00004890   0x00000008   Code   RO            6    .text.TIMER_ClearIntFlag  main.o
    0x00004898   0x00004898   0x00000090   Code   RO          359    .text.TIMER_Delay   timer.o
    0x00004928   0x00004928   0x00000010   Code   RO           24    .text.TIMER_EnableInt  main.o
    0x00004938   0x00004938   0x00000010   Code   RO            4    .text.TIMER_GetIntFlag  main.o
    0x00004948   0x00004948   0x000000a0   Code   RO          355    .text.TIMER_GetModuleClock  timer.o
    0x000049e8   0x000049e8   0x0000001c   Code   RO           22    .text.TIMER_Init    main.o
    0x00004a04   0x00004a04   0x00000038   Code   RO          353    .text.TIMER_Open    timer.o
    0x00004a3c   0x00004a3c   0x00000014   Code   RO           28    .text.TIMER_Start   main.o
    0x00004a50   0x00004a50   0x00000024   Code   RO            2    .text.TMR1_IRQHandler  main.o
    0x00004a74   0x00004a74   0x00000008   Code   RO            8    .text.UART4_IRQHandler  main.o
    0x00004a7c   0x00004a7c   0x00000050   Code   RO          224    .text.UART_ClearIntFlag  uart.o
    0x00004acc   0x00004acc   0x00000050   Code   RO          236    .text.UART_EnableInt  uart.o
    0x00004b1c   0x00004b1c   0x000000b0   Code   RO          240    .text.UART_Open     uart.o
    0x00004bcc   0x00004bcc   0x0000002a   Code   RO          254    .text.UART_Write    uart.o
    0x00004bf6   0x00004bf6   0x00000002   PAD
    0x00004bf8   0x00004bf8   0x00000098   Code   RO          494    .text.WIFIM_CheckOK  wifimodule.o
    0x00004c90   0x00004c90   0x000000a4   Code   RO          482    .text.WIFIM_Init    wifimodule.o
    0x00004d34   0x00004d34   0x00000018   Code   RO          472    .text.WIFIM_QueueClear  wifimodule.o
    0x00004d4c   0x00004d4c   0x00000010   Code   RO          468    .text.WIFIM_QueueEmpty  wifimodule.o
    0x00004d5c   0x00004d5c   0x00000024   Code   RO          470    .text.WIFIM_QueueFull  wifimodule.o
    0x00004d80   0x00004d80   0x0000002c   Code   RO          476    .text.WIFIM_QueuePop  wifimodule.o
    0x00004dac   0x00004dac   0x00000030   Code   RO          474    .text.WIFIM_QueuePush  wifimodule.o
    0x00004ddc   0x00004ddc   0x0000003c   Code   RO          478    .text.WIFIM_QueueSize  wifimodule.o
    0x00004e18   0x00004e18   0x00000030   Code   RO          480    .text.WIFIM_Reset   wifimodule.o
    0x00004e48   0x00004e48   0x00000010   Code   RO          490    .text.WIFIM_Send    wifimodule.o
    0x00004e58   0x00004e58   0x0000004c   Code   RO          488    .text.WIFIM_UartRx_Handle  wifimodule.o
    0x00004ea4   0x00004ea4   0x0000000c   Code   RO           26    .text.__NVIC_EnableIRQ  main.o
    0x00004eb0   0x00004eb0   0x00000018   Code   RO          238    .text.__NVIC_EnableIRQ  uart.o
    0x00004ec8   0x00004ec8   0x00000010   Code   RO          602    .text.__NVIC_EnableIRQ  loramodule.o
    0x00004ed8   0x00004ed8   0x00000018   Code   RO           44    .text.__NVIC_SetPriority  main.o
    0x00004ef0   0x00004ef0   0x0000008c   Code   RO           89    .text.connectToAP   wifi-task.o
    0x00004f7c   0x00004f7c   0x00000070   Code   RO           91    .text.connectToServer  wifi-task.o
    0x00004fec   0x00004fec   0x0000002c   Code   RO          124    .text.createLoRaTask  lora-task.o
    0x00005018   0x00005018   0x0000002c   Code   RO           57    .text.createMainTask  main-task.o
    0x00005044   0x00005044   0x0000002c   Code   RO           76    .text.createSensorTask  sensor-task.o
    0x00005070   0x00005070   0x0000002c   Code   RO           97    .text.createWiFiTask  wifi-task.o
    0x0000509c   0x0000509c   0x00000006   Code   RO         1076    .text.ferror        retarget.o
    0x000050a2   0x000050a2   0x0000000c   Code   RO         1072    .text.fputc         retarget.o
    0x000050ae   0x000050ae   0x00000002   PAD
    0x000050b0   0x000050b0   0x0000000c   Code   RO           32    .text.getDeviceID   main.o
    0x000050bc   0x000050bc   0x0000000c   Code   RO          116    .text.getLoRaRxStartFlag  lora-task.o
    0x000050c8   0x000050c8   0x0000000c   Code   RO          114    .text.getLoRaTxStartFlag  lora-task.o
    0x000050d4   0x000050d4   0x00000008   Code   RO           72    .text.getSensorData  sensor-task.o
    0x000050dc   0x000050dc   0x0000006c   Code   RO          126    .text.loraTask      lora-task.o
    0x00005148   0x00005148   0x000000f0   Code   RO           34    .text.main          main.o
    0x00005238   0x00005238   0x00000018   Code   RO           59    .text.mainTask      main-task.o
    0x00005250   0x00005250   0x00000108   Code   RO           93    .text.makePacket    wifi-task.o
    0x00005358   0x00005358   0x00000064   Code   RO          811    .text.prvAddCurrentTaskToDelayedList  tasks.o
    0x000053bc   0x000053bc   0x00000084   Code   RO          799    .text.prvAddNewTaskToReadyList  tasks.o
    0x00005440   0x00005440   0x00000064   Code   RO          938    .text.prvCheckForValidListAndQueue  timers.o
    0x000054a4   0x000054a4   0x00000054   Code   RO          905    .text.prvCheckTasksWaitingTermination  tasks.o
    0x000054f8   0x000054f8   0x00000022   Code   RO          742    .text.prvCopyDataFromQueue  queue.o
    0x0000551a   0x0000551a   0x00000072   Code   RO          730    .text.prvCopyDataToQueue  queue.o
    0x0000558c   0x0000558c   0x00000012   Code   RO          803    .text.prvDeleteTCB  tasks.o
    0x0000559e   0x0000559e   0x00000002   PAD
    0x000055a0   0x000055a0   0x00000018   Code   RO          962    .text.prvGetNextExpireTime  timers.o
    0x000055b8   0x000055b8   0x0000005c   Code   RO          993    .text.prvHeapInit   heap_4.o
    0x00005614   0x00005614   0x00000014   Code   RO          837    .text.prvIdleTask   tasks.o
    0x00005628   0x00005628   0x00000024   Code   RO          714    .text.prvInitialiseNewQueue  queue.o
    0x0000564c   0x0000564c   0x00000088   Code   RO          797    .text.prvInitialiseNewTask  tasks.o
    0x000056d4   0x000056d4   0x00000060   Code   RO          903    .text.prvInitialiseTaskLists  tasks.o
    0x00005734   0x00005734   0x0000004c   Code   RO          995    .text.prvInsertBlockIntoFreeList  heap_4.o
    0x00005780   0x00005780   0x00000034   Code   RO          974    .text.prvInsertTimerInActiveList  timers.o
    0x000057b4   0x000057b4   0x00000016   Code   RO          744    .text.prvIsQueueEmpty  queue.o
    0x000057ca   0x000057ca   0x0000001a   Code   RO          734    .text.prvIsQueueFull  queue.o
    0x000057e4   0x000057e4   0x00000062   Code   RO          732    .text.prvNotifyQueueSetContainer  queue.o
    0x00005846   0x00005846   0x0000000a   PAD
    0x00005850   0x00005850   0x00000036   Code   RO         1029    .text.prvPortStartFirstTask  port.o
    0x00005886   0x00005886   0x00000002   PAD
    0x00005888   0x00005888   0x00000054   Code   RO          970    .text.prvProcessExpiredTimer  timers.o
    0x000058dc   0x000058dc   0x000000c4   Code   RO          966    .text.prvProcessReceivedCommands  timers.o
    0x000059a0   0x000059a0   0x00000064   Code   RO          964    .text.prvProcessTimerOrBlockTask  timers.o
    0x00005a04   0x00005a04   0x00000024   Code   RO          805    .text.prvResetNextTaskUnblockTime  tasks.o
    0x00005a28   0x00005a28   0x00000028   Code   RO          968    .text.prvSampleTimeNow  timers.o
    0x00005a50   0x00005a50   0x00000020   Code   RO         1027    .text.prvSetupTimerInterrupt  port.o
    0x00005a70   0x00005a70   0x00000078   Code   RO          972    .text.prvSwitchTimerLists  timers.o
    0x00005ae8   0x00005ae8   0x00000014   Code   RO         1021    .text.prvTaskExitError  port.o
    0x00005afc   0x00005afc   0x00000014   Code   RO          940    .text.prvTimerTask  timers.o
    0x00005b10   0x00005b10   0x00000090   Code   RO          736    .text.prvUnlockQueue  queue.o
    0x00005ba0   0x00005ba0   0x000000e8   Code   RO          991    .text.pvPortMalloc  heap_4.o
    0x00005c88   0x00005c88   0x00000014   Code   RO          889    .text.pvTaskIncrementMutexHeldCount  tasks.o
    0x00005c9c   0x00005c9c   0x0000002c   Code   RO         1019    .text.pxPortInitialiseStack  port.o
    0x00005cc8   0x00005cc8   0x00000028   Code   RO           30    .text.readDeviceID  main.o
    0x00005cf0   0x00005cf0   0x00000070   Code   RO           95    .text.sendSensorData  wifi-task.o
    0x00005d60   0x00005d60   0x0000000e   Code   RO           78    .text.sensorTask    sensor-task.o
    0x00005d6e   0x00005d6e   0x00000002   PAD
    0x00005d70   0x00005d70   0x0000000c   Code   RO           61    .text.setBlinkFlag  main-task.o
    0x00005d7c   0x00005d7c   0x0000000c   Code   RO          112    .text.setLoRaRxStartFlag  lora-task.o
    0x00005d88   0x00005d88   0x0000000c   Code   RO          110    .text.setLoRaTxStartFlag  lora-task.o
    0x00005d94   0x00005d94   0x0000000a   Code   RO         1039    .text.ulSetInterruptMaskFromISR  port.o
    0x00005d9e   0x00005d9e   0x00000020   Code   RO          700    .text.uxListRemove  list.o
    0x00005dbe   0x00005dbe   0x00000008   Code   RO           36    .text.vApplicationMallocFailedHook  main.o
    0x00005dc6   0x00005dc6   0x00000002   PAD
    0x00005dc8   0x00005dc8   0x00000030   Code   RO           40    .text.vApplicationStackOverflowHook  main.o
    0x00005df8   0x00005df8   0x00000002   Code   RO           42    .text.vApplicationTickHook  main.o
    0x00005dfa   0x00005dfa   0x00000006   Code   RO         1041    .text.vClearInterruptMaskFromISR  port.o
    0x00005e00   0x00005e00   0x00000010   Code   RO          692    .text.vListInitialise  list.o
    0x00005e10   0x00005e10   0x00000006   Code   RO          694    .text.vListInitialiseItem  list.o
    0x00005e16   0x00005e16   0x0000002e   Code   RO          698    .text.vListInsert   list.o
    0x00005e44   0x00005e44   0x00000018   Code   RO          696    .text.vListInsertEnd  list.o
    0x00005e5c   0x00005e5c   0x00000018   Code   RO         1035    .text.vPortEnterCritical  port.o
    0x00005e74   0x00005e74   0x00000020   Code   RO         1037    .text.vPortExitCritical  port.o
    0x00005e94   0x00005e94   0x0000005c   Code   RO          997    .text.vPortFree     heap_4.o
    0x00005ef0   0x00005ef0   0x00000018   Code   RO         1033    .text.vPortYield    port.o
    0x00005f08   0x00005f08   0x00000020   Code   RO          770    .text.vQueueAddToRegistry  queue.o
    0x00005f28   0x00005f28   0x00000042   Code   RO          774    .text.vQueueWaitForMessageRestricted  queue.o
    0x00005f6a   0x00005f6a   0x00000002   PAD
    0x00005f6c   0x00005f6c   0x00000030   Code   RO          815    .text.vTaskDelay    tasks.o
    0x00005f9c   0x00005f9c   0x00000008   Code   RO          869    .text.vTaskMissedYield  tasks.o
    0x00005fa4   0x00005fa4   0x00000024   Code   RO          855    .text.vTaskPlaceOnEventList  tasks.o
    0x00005fc8   0x00005fc8   0x0000002c   Code   RO          859    .text.vTaskPlaceOnEventListRestricted  tasks.o
    0x00005ff4   0x00005ff4   0x00000068   Code   RO          883    .text.vTaskPriorityInherit  tasks.o
    0x0000605c   0x0000605c   0x0000001c   Code   RO          865    .text.vTaskSetTimeOutState  tasks.o
    0x00006078   0x00006078   0x0000006c   Code   RO          835    .text.vTaskStartScheduler  tasks.o
    0x000060e4   0x000060e4   0x0000000c   Code   RO          809    .text.vTaskSuspendAll  tasks.o
    0x000060f0   0x000060f0   0x000000a0   Code   RO          827    .text.vTaskSwitchContext  tasks.o
    0x00006190   0x00006190   0x00000090   Code   RO           99    .text.wifiTask      wifi-task.o
    0x00006220   0x00006220   0x00000030   Code   RO         1025    .text.xPortStartScheduler  port.o
    0x00006250   0x00006250   0x0000003e   Code   RO          712    .text.xQueueGenericCreate  queue.o
    0x0000628e   0x0000628e   0x00000160   Code   RO          726    .text.xQueueGenericReceive  queue.o
    0x000063ee   0x000063ee   0x00000060   Code   RO          710    .text.xQueueGenericReset  queue.o
    0x0000644e   0x0000644e   0x0000012e   Code   RO          722    .text.xQueueGenericSend  queue.o
    0x0000657c   0x0000657c   0x000000be   Code   RO          738    .text.xQueueGenericSendFromISR  queue.o
    0x0000663a   0x0000663a   0x00000002   PAD
    0x0000663c   0x0000663c   0x0000005c   Code   RO          867    .text.xTaskCheckForTimeOut  tasks.o
    0x00006698   0x00006698   0x0000005c   Code   RO          795    .text.xTaskCreate   tasks.o
    0x000066f4   0x000066f4   0x0000001c   Code   RO          881    .text.xTaskGetSchedulerState  tasks.o
    0x00006710   0x00006710   0x00000008   Code   RO          843    .text.xTaskGetTickCount  tasks.o
    0x00006718   0x00006718   0x00000110   Code   RO          841    .text.xTaskIncrementTick  tasks.o
    0x00006828   0x00006828   0x00000060   Code   RO          885    .text.xTaskPriorityDisinherit  tasks.o
    0x00006888   0x00006888   0x00000060   Code   RO          861    .text.xTaskRemoveFromEventList  tasks.o
    0x000068e8   0x000068e8   0x000000e4   Code   RO          813    .text.xTaskResumeAll  tasks.o
    0x000069cc   0x000069cc   0x0000004c   Code   RO          936    .text.xTimerCreateTimerTask  timers.o
    0x00006a18   0x00006a18   0x0000005c   Code   RO          946    .text.xTimerGenericCommand  timers.o
    0x00006a74   0x00006a74   0x00000030   Code   RO         1293    i.__ARM_common_ll_muluu  c_p.l(btod.o)
    0x00006aa4   0x00006aa4   0x0000002c   Code   RO         1304    i.__ARM_fpclassify  m_ps.l(fpclassify.o)
    0x00006ad0   0x00006ad0   0x00000016   Code   RO         1211    i._fgeq             fz_ps.l(fcmp.o)
    0x00006ae6   0x00006ae6   0x0000001a   Code   RO         1213    i._fleq             fz_ps.l(fcmp.o)
    0x00006b00   0x00006b00   0x00000016   Code   RO         1214    i._fls              fz_ps.l(fcmp.o)
    0x00006b16   0x00006b16   0x0000000e   Code   RO         1160    i._is_digit         c_p.l(__printf_wp.o)
    0x00006b24   0x00006b24   0x0000002c   Code   RO         1298    locale$$code        c_p.l(lc_numeric_c.o)
    0x00006b50   0x00006b50   0x0000008c   Code   RO         1204    x$fpl$fadd          fz_ps.l(faddsub.o)
    0x00006bdc   0x00006bdc   0x00000054   Code   RO         1255    x$fpl$fgeqf         fz_ps.l(fgef.o)
    0x00006c30   0x00006c30   0x00000054   Code   RO         1257    x$fpl$fleqf         fz_ps.l(flef.o)
    0x00006c84   0x00006c84   0x000000b0   Code   RO         1229    x$fpl$fmul          fz_ps.l(fmul.o)
    0x00006d34   0x00006d34   0x000000d0   Code   RO         1206    x$fpl$fsub          fz_ps.l(faddsub.o)
    0x00006e04   0x00006e04   0x00000010   Code   RO         1231    x$fpl$printf1       fz_ps.l(printf1.o)
    0x00006e14   0x00006e14   0x00000000   Code   RO         1259    x$fpl$usenofp       fz_ps.l(usenofp.o)
    0x00006e14   0x00006e14   0x00000028   Data   RO         1133    .constdata          c_p.l(_printf_hex_int.o)
    0x00006e3c   0x00006e3c   0x00000011   Data   RO         1163    .constdata          c_p.l(__printf_flags_wp.o)
    0x00006e4d   0x00006e4d   0x00000080   Data   RO         1192    .constdata          fz_ps.l(ddiv.o)
    0x00006ecd   0x00006ecd   0x00000040   Data   RO         1223    .constdata          fz_ps.l(fdiv.o)
    0x00006f0d   0x00006f0d   0x00000003   PAD
    0x00006f10   0x00006f10   0x00000094   Data   RO         1289    .constdata          c_p.l(bigflt0.o)
    0x00006fa4   0x00006fa4   0x00000030   Data   RO          256    .rodata.cst16       uart.o
    0x00006fd4   0x00006fd4   0x00000020   Data   RO         1478    Region$$Table       anon$$obj.o
    0x00006ff4   0x00006ff4   0x0000001c   Data   RO         1297    locale$$data        c_p.l(lc_numeric_c.o)


    Execution Region RW_IRAM1 (Exec base: 0x20000000, Load base: 0x00007010, Size: 0x00002ec8, Max: 0x00018000, ABSOLUTE)

    Exec Addr    Load Addr    Size         Type   Attr      Idx    E Section Name        Object

    0x20000000   0x00007010   0x00000004   Data   RW         1102    .data.CyclesPerUs   system_m261.o
    0x20000004   0x00007014   0x0000001c   Data   RW          676    .data.LoRaSettings  loramodule.o
    0x20000020   0x00007030   0x00000004   Data   RW         1103    .data.PllClock      system_m261.o
    0x20000024   0x00007034   0x00000004   Data   RW         1101    .data.SystemCoreClock  system_m261.o
    0x20000028   0x00007038   0x00000004   Data   RW         1047    .data.uxCriticalNesting  port.o
    0x2000002c   0x0000703c   0x00000004   PAD
    0x20000030        -       0x00000060   Zero   RW         1307    .bss                c_p.l(libspace.o)
    0x20000090        -       0x00000001   Zero   RW          678    .bss.LoRaOnState    loramodule.o
    0x20000091   0x0000703c   0x00000003   PAD
    0x20000094        -       0x00000100   Zero   RW          680    .bss.RFBuffer       loramodule.o
    0x20000194        -       0x00000001   Zero   RW          679    .bss.RFLRState      loramodule.o
    0x20000195   0x0000703c   0x00000003   PAD
    0x20000198        -       0x00000008   Zero   RW          683    .bss.RxPacketRssiValue  loramodule.o
    0x200001a0        -       0x00000004   Zero   RW          682    .bss.RxPacketSize   loramodule.o
    0x200001a4        -       0x00000004   Zero   RW          677    .bss.SX1276LR       loramodule.o
    0x200001a8        -       0x00000070   Zero   RW          672    .bss.SX1276Regs     loramodule.o
    0x20000218        -       0x00000001   Zero   RW           46    .bss.TMR1_IRQHandler.u8Value  main.o
    0x20000219   0x0000703c   0x00000003   PAD
    0x2000021c        -       0x00000004   Zero   RW          681    .bss.TxPacketSize   loramodule.o
    0x20000220        -       0x00000054   Zero   RW         1078    .bss.__stdout       retarget.o
    0x20000274        -       0x00000044   Zero   RW          568    .bss.bme680         esensor.o
    0x200002b8        -       0x00000018   Zero   RW          569    .bss.bme680_data    esensor.o
    0x200002d0        -       0x00000002   Zero   RW          496    .bss.g_s16WifiRxHead  wifimodule.o
    0x200002d2        -       0x00000002   Zero   RW          497    .bss.g_s16WifiRxTail  wifimodule.o
    0x200002d4        -       0x00000011   Zero   RW           80    .bss.g_sensorData   sensor-task.o
    0x200002e5        -       0x00000001   Zero   RW           63    .bss.g_u8BlinkFlag  main-task.o
    0x200002e6        -       0x00000001   Zero   RW           47    .bss.g_u8DeviceID   main.o
    0x200002e7        -       0x00000001   Zero   RW          129    .bss.g_u8LoRaRxStartFlag  lora-task.o
    0x200002e8        -       0x00000001   Zero   RW          128    .bss.g_u8LoRaTxStartFlag  lora-task.o
    0x200002e9   0x0000703c   0x00000003   PAD
    0x200002ec        -       0x00000200   Zero   RW          498    .bss.g_u8WifiRxBuf  wifimodule.o
    0x200004ec        -       0x00000001   Zero   RW          101    .bss.g_wifiStatus   wifi-task.o
    0x200004ed   0x0000703c   0x00000003   PAD
    0x200004f0        -       0x00000004   Zero   RW          980    .bss.prvSampleTimeNow.xLastTime  timers.o
    0x200004f4        -       0x00000004   Zero   RW          907    .bss.pxCurrentTCB   tasks.o
    0x200004f8        -       0x00000004   Zero   RW          978    .bss.pxCurrentTimerList  timers.o
    0x200004fc        -       0x00000004   Zero   RW          915    .bss.pxDelayedTaskList  tasks.o
    0x20000500        -       0x00000004   Zero   RW         1005    .bss.pxEnd          heap_4.o
    0x20000504        -       0x00000004   Zero   RW          916    .bss.pxOverflowDelayedTaskList  tasks.o
    0x20000508        -       0x00000004   Zero   RW          979    .bss.pxOverflowTimerList  timers.o
    0x2000050c        -       0x000000a0   Zero   RW          918    .bss.pxReadyTasksLists  tasks.o
    0x200005ac        -       0x00002000   Zero   RW         1010    .bss.ucHeap         heap_4.o
    0x200025ac        -       0x00000004   Zero   RW          911    .bss.uxCurrentNumberOfTasks  tasks.o
    0x200025b0        -       0x00000004   Zero   RW          910    .bss.uxDeletedTasksWaitingCleanUp  tasks.o
    0x200025b4        -       0x00000004   Zero   RW          924    .bss.uxPendedTicks  tasks.o
    0x200025b8        -       0x00000004   Zero   RW          913    .bss.uxSchedulerSuspended  tasks.o
    0x200025bc        -       0x00000004   Zero   RW          908    .bss.uxTaskNumber   tasks.o
    0x200025c0        -       0x00000004   Zero   RW          919    .bss.uxTopReadyPriority  tasks.o
    0x200025c4        -       0x00000014   Zero   RW          981    .bss.xActiveTimerList1  timers.o
    0x200025d8        -       0x00000014   Zero   RW          982    .bss.xActiveTimerList2  timers.o
    0x200025ec        -       0x00000001   Zero   RW         1006    .bss.xBlockAllocatedBit  heap_4.o
    0x200025ed   0x0000703c   0x00000003   PAD
    0x200025f0        -       0x00000014   Zero   RW          926    .bss.xDelayedTaskList1  tasks.o
    0x20002604        -       0x00000014   Zero   RW          927    .bss.xDelayedTaskList2  tasks.o
    0x20002618        -       0x00000004   Zero   RW         1007    .bss.xFreeBytesRemaining  heap_4.o
    0x2000261c        -       0x00000004   Zero   RW          921    .bss.xIdleTaskHandle  tasks.o
    0x20002620        -       0x00000004   Zero   RW         1009    .bss.xMinimumEverFreeBytesRemaining  heap_4.o
    0x20002624        -       0x00000004   Zero   RW          922    .bss.xNextTaskUnblockTime  tasks.o
    0x20002628        -       0x00000004   Zero   RW          925    .bss.xNumOfOverflows  tasks.o
    0x2000262c        -       0x00000014   Zero   RW          920    .bss.xPendingReadyList  tasks.o
    0x20002640        -       0x00000040   Zero   RW          786    .bss.xQueueRegistry  queue.o
    0x20002680        -       0x00000004   Zero   RW          912    .bss.xSchedulerRunning  tasks.o
    0x20002684        -       0x00000008   Zero   RW         1008    .bss.xStart         heap_4.o
    0x2000268c        -       0x00000014   Zero   RW          917    .bss.xSuspendedTaskList  tasks.o
    0x200026a0        -       0x00000014   Zero   RW          909    .bss.xTasksWaitingTermination  tasks.o
    0x200026b4        -       0x00000004   Zero   RW          914    .bss.xTickCount     tasks.o
    0x200026b8        -       0x00000004   Zero   RW          976    .bss.xTimerQueue    timers.o
    0x200026bc        -       0x00000004   Zero   RW          977    .bss.xTimerTaskHandle  timers.o
    0x200026c0        -       0x00000004   Zero   RW          923    .bss.xYieldPending  tasks.o
    0x200026c4   0x0000703c   0x00000004   PAD
    0x200026c8        -       0x00000000   Zero   RW         1088    HEAP                startup_m261.o
    0x200026c8        -       0x00000800   Zero   RW         1087    STACK               startup_m261.o


==============================================================================

Image component sizes


      Code (inc. data)   RO Data    RW Data    ZI Data      Debug   Object Name

       876        200          0          0          0      13460   clk.o
      3208        300          0          0         92      14737   esensor.o
       148          4          0          0          0       2240   gpio.o
       492         44          0          0       8213       3339   heap_4.o
        64          4          0          0          0      18309   i2c.o
       124          0          0          0          0       2208   list.o
       700        144          0          0          2       2535   lora-task.o
      2464        180          0         28        390      18493   loramodule.o
        80         28          0          0          1       1085   main-task.o
       874        216          0          0          2       9197   main.o
       396         40          0          4          0       2800   port.o
      1574          4          0          0         64      18535   queue.o
        68          4          0          0         84       2930   retarget.o
        66         20          0          0         17       1561   sensor-task.o
       568         64          0          0          0      12399   spi.o
        92         32        472          0       2048        852   startup_m261.o
        64         20          0         12          0       1193   system_m261.o
      2102        188          0          0        320      24710   tasks.o
       360         76          0          0          0       4778   timer.o
       904         72          0          0         60       9658   timers.o
       402         44         48          0          0       7805   uart.o
       816        224          0          0          1       2859   wifi-task.o
       716         48          0          0        516       7533   wifimodule.o

    ----------------------------------------------------------------------
     17312       2076        552         44      11836     183216   Object Totals
         0          0         32          0          0          0   (incl. Generated)
       154        120          0          0         26          0   (incl. Padding)

    ----------------------------------------------------------------------

      Code (inc. data)   RO Data    RW Data    ZI Data      Debug   Library Member Name

         8          0          0          0          0         68   __main.o
       312          6         17          0          0         76   __printf_flags_wp.o
        14          0          0          0          0         60   __printf_wp.o
         0          0          0          0          0          0   __rtentry.o
        12          0          0          0          0          0   __rtentry2.o
         6          0          0          0          0          0   __rtentry4.o
        60          8          0          0          0          0   __scatter.o
        26          0          0          0          0          0   __scatter_copy.o
        28          0          0          0          0          0   __scatter_zi.o
        46          0          0          0          0        100   _printf_char.o
        48          6          0          0          0         88   _printf_char_common.o
        40          6          0          0          0         72   _printf_char_file.o
        10          0          0          0          0          0   _printf_d.o
       108         18          0          0          0         76   _printf_dec.o
        10          0          0          0          0          0   _printf_f.o
      1044         12          0          0          0        116   _printf_fp_dec.o
       136         16          0          0          0         76   _printf_fp_infnan.o
        88          4         40          0          0         72   _printf_hex_int.o
       176          0          0          0          0         84   _printf_intcommon.o
        78          0          0          0          0        100   _printf_pad.o
         2          0          0          0          0          0   _printf_percent.o
         4          0          0          0          0          0   _printf_percent_end.o
        10          0          0          0          0          0   _printf_s.o
        82          0          0          0          0         72   _printf_str.o
        10          0          0          0          0          0   _printf_x.o
        18          0          0          0          0         68   aeabi_memset4.o
       504          4          0          0          0         92   aeabi_sdivfast.o
       216          6        148          0          0         80   bigflt0.o
      1456         30          0          0          0        336   btod.o
        16          0          0          0          0         68   exit.o
         6          0          0          0          0        136   heapauxi.o
         0          0          0          0          0          0   indicate_semi.o
        44         10         28          0          0         76   lc_numeric_c.o
         2          0          0          0          0          0   libinit.o
        18          0          0          0          0          0   libinit2.o
         2          0          0          0          0          0   libshutdown.o
         2          0          0          0          0          0   libshutdown2.o
         8          4          0          0         96         68   libspace.o
        48          0          0          0          0         72   llmul.o
       166          0          0          0          0         72   llsdiv.o
       272          0          0          0          0         88   lludiv.o
       122          0          0          0          0         72   lludiv10.o
        28          6          0          0          0         84   noretval__2printf.o
        44          6          0          0          0         68   puts.o
         8          4          0          0          0         68   rt_locale_intlibspace.o
        64          0          0          0          0        108   rt_memclr.o
       186          0          0          0          0        144   rt_memcpy.o
         2          0          0          0          0          0   rtexit.o
        10          0          0          0          0          0   rtexit2.o
        40          0          0          0          0         60   rtudiv10.o
       172          4          0          0          0         80   strcmpv8m.o
        12          4          0          0          0         60   sys_exit.o
        62          0          0          0          0         80   sys_stackheap_outer.o
         2          0          0          0          0         68   use_no_semi.o
        46          0          0          0          0         60   cmpret.o
       856         20          0          0          0        208   daddsub.o
      1096         26        128          0          0        112   ddiv.o
       108         10          0          0          0         72   dfixi.o
        72          4          0          0          0         68   dfixui.o
        88          0          0          0          0         92   dflti.o
       584         26          0          0          0         84   dmul.o
        84          4          0          0          0         60   f2d.o
       348          8          0          0          0        160   faddsub.o
        70          0          0          0          0        204   fcmp.o
       100          4          0          0          0         68   fcmpin.o
       352         10         64          0          0         92   fdiv.o
        76          0          0          0          0         68   ffixi.o
        94          0          0          0          0         92   fflti.o
        84          4          0          0          0         76   fgef.o
        84          4          0          0          0         76   flef.o
       176          4          0          0          0         80   fmul.o
        16          6          0          0          0         68   fnan2.o
        16          4          0          0          0         76   printf1.o
        94          0          0          0          0         68   retnan.o
         0          0          0          0          0          0   usenofp.o
        44          4          0          0          0         60   fpclassify.o

    ----------------------------------------------------------------------
     10396        292        428          0         96       5052   Library Totals
        20          0          3          0          0          0   (incl. Padding)

    ----------------------------------------------------------------------

      Code (inc. data)   RO Data    RW Data    ZI Data      Debug   Library Name

      5888        154        233          0         96       3108   c_p.l
      4444        134        192          0          0       1884   fz_ps.l
        44          4          0          0          0         60   m_ps.l

    ----------------------------------------------------------------------
     10396        292        428          0         96       5052   Library Totals

    ----------------------------------------------------------------------

==============================================================================


      Code (inc. data)   RO Data    RW Data    ZI Data      Debug   

     27708       2368        980         44      11932     185376   Grand Totals
     27708       2368        980         44      11932     185376   ELF Image Totals
     27708       2368        980         44          0          0   ROM Totals

==============================================================================

    Total RO  Size (Code + RO Data)                28688 (  28.02kB)
    Total RW  Size (RW Data + ZI Data)             11976 (  11.70kB)
    Total ROM Size (Code + RO Data + RW Data)      28732 (  28.06kB)

==============================================================================

